Setting the LD random seed to 1537079999

Generated 37 of the 903 non-bonded parameter combinations

Excluding 1 bonded neighbours molecule type 'AU'

Excluding 1 bonded neighbours molecule type 'POPC'

Excluding 1 bonded neighbours molecule type 'POPC'

Excluding 1 bonded neighbours molecule type 'W'

Excluding 1 bonded neighbours molecule type 'NA+'

Excluding 1 bonded neighbours molecule type 'CL-'

atom name 56 in insane.top and insane.gro does not match (AUSL - AUS)

atom name 57 in insane.top and insane.gro does not match (AUSL - AUS)

atom name 60 in insane.top and insane.gro does not match (LIG - C1)

atom name 61 in insane.top and insane.gro does not match (LIG - C1)

atom name 62 in insane.top and insane.gro does not match (LIG - C1)

atom name 63 in insane.top and insane.gro does not match (LIG - C1)

atom name 65 in insane.top and insane.gro does not match (LIG - C1)

atom name 66 in insane.top and insane.gro does not match (LIG - C1)

atom name 67 in insane.top and insane.gro does not match (LIG - C1)

atom name 68 in insane.top and insane.gro does not match (LIG - C1)

atom name 69 in insane.top and insane.gro does not match (AUSL - AUS)

atom name 70 in insane.top and insane.gro does not match (AUSL - AUS)

atom name 73 in insane.top and insane.gro does not match (LIG - C1)

atom name 74 in insane.top and insane.gro does not match (LIG - C1)

atom name 75 in insane.top and insane.gro does not match (LIG - C1)

atom name 76 in insane.top and insane.gro does not match (LIG - C1)

atom name 78 in insane.top and insane.gro does not match (LIG - C1)

atom name 79 in insane.top and insane.gro does not match (LIG - C1)

atom name 80 in insane.top and insane.gro does not match (LIG - C1)

atom name 81 in insane.top and insane.gro does not match (LIG - C1)

(more than 20 non-matching atom names)
Analysing residue names:
There are: 175588      Other residues
Analysing residues not classified as Protein/DNA/RNA/Water and splitting into groups...

This run will generate roughly 604 Mb of data
