                      :-) GROMACS - gmx grompp, 2016.1 (-:

                            GROMACS is written by:
     Emile Apol      Rossen Apostolov  Herman J.C. Berendsen    Par Bjelkmar   
 Aldert van Buuren   Rudi van Drunen     Anton Feenstra    Gerrit Groenhof  
 Christoph Junghans   Anca Hamuraru    Vincent Hindriksen Dimitrios Karkoulis
    Peter Kasson        Jiri Kraus      Carsten Kutzner      Per Larsson    
  Justin A. Lemkul   Magnus Lundborg   Pieter Meulenhoff    Erik Marklund   
   Teemu Murtola       Szilard Pall       Sander Pronk      Roland Schulz   
  Alexey Shvetsov     Michael Shirts     Alfons Sijbers     Peter Tieleman  
  Teemu Virolainen  Christian Wennberg    Maarten Wolf   
                           and the project leaders:
        Mark Abraham, Berk Hess, Erik Lindahl, and David van der Spoel

Copyright (c) 1991-2000, University of Groningen, The Netherlands.
Copyright (c) 2001-2015, The GROMACS development team at
Uppsala University, Stockholm University and
the Royal Institute of Technology, Sweden.
check out http://www.gromacs.org for more information.

GROMACS is free software; you can redistribute it and/or modify it
under the terms of the GNU Lesser General Public License
as published by the Free Software Foundation; either version 2.1
of the License, or (at your option) any later version.

GROMACS:      gmx grompp, version 2016.1
Executable:   /opt/sw/packages/intel-17.0.1/mvapich2-2.2/gromacs/2016.1/bin/gmx_mpi
Data prefix:  /opt/sw/packages/intel-17.0.1/mvapich2-2.2/gromacs/2016.1
Working dir:  /scratch/jje63/heat_lig_multinano/Soft_Sphere_4/Octanethiol
Command line:
  gmx_mpi grompp -f ../../em.mdp -c insane.gro -p insane.top -o em -maxwarn 10


NOTE 1 [file ../../em.mdp, line 12]:
  ../../em.mdp did not specify a value for the .mdp option "cutoff-scheme".
  Probably it was first intended for use with GROMACS before 4.6. In 4.6,
  the Verlet scheme was introduced, but the group scheme was still the
  default. The default is now the Verlet scheme, so you will observe
  different behaviour.

Replacing old mdp entry 'nstxtcout' by 'nstxout-compressed'
Replacing old mdp entry 'xtc-precision' by 'compressed-x-precision'

NOTE 2 [file ../../em.mdp]:
  You have set rlist larger than the interaction cut-off, but you also have
  verlet-buffer-tolerance > 0. Will set rlist using verlet-buffer-tolerance.

Setting the LD random seed to 1777585248
Generated 3 of the 861 non-bonded parameter combinations
Excluding 1 bonded neighbours molecule type 'AU'
Excluding 1 bonded neighbours molecule type 'POPC'
Excluding 1 bonded neighbours molecule type 'POPC'
Excluding 1 bonded neighbours molecule type 'W'
Excluding 1 bonded neighbours molecule type 'NA+'
Excluding 1 bonded neighbours molecule type 'CL-'
Warning: atom name 56 in insane.top and insane.gro does not match (AUSL - AUS)
Warning: atom name 57 in insane.top and insane.gro does not match (AUSL - AUS)
Warning: atom name 60 in insane.top and insane.gro does not match (LIG - C1)
Warning: atom name 61 in insane.top and insane.gro does not match (LIG - C1)
Warning: atom name 63 in insane.top and insane.gro does not match (LIG - C1)
Warning: atom name 64 in insane.top and insane.gro does not match (LIG - C1)
Warning: atom name 65 in insane.top and insane.gro does not match (AUSL - AUS)
Warning: atom name 66 in insane.top and insane.gro does not match (AUSL - AUS)
Warning: atom name 69 in insane.top and insane.gro does not match (LIG - C1)
Warning: atom name 70 in insane.top and insane.gro does not match (LIG - C1)
Warning: atom name 72 in insane.top and insane.gro does not match (LIG - C1)
Warning: atom name 73 in insane.top and insane.gro does not match (LIG - C1)
Warning: atom name 74 in insane.top and insane.gro does not match (AUSL - AUS)
Warning: atom name 75 in insane.top and insane.gro does not match (AUSL - AUS)
Warning: atom name 78 in insane.top and insane.gro does not match (LIG - C1)
