                   :-) GROMACS - gmx convert-tpr, 2016.1 (-:

                            GROMACS is written by:
     Emile Apol      Rossen Apostolov  Herman J.C. Berendsen    Par Bjelkmar   
 Aldert van Buuren   Rudi van Drunen     Anton Feenstra    Gerrit Groenhof  
 Christoph Junghans   Anca Hamuraru    Vincent Hindriksen Dimitrios Karkoulis
    Peter Kasson        Jiri Kraus      Carsten Kutzner      Per Larsson    
  Justin A. Lemkul   Magnus Lundborg   Pieter Meulenhoff    Erik Marklund   
   Teemu Murtola       Szilard Pall       Sander Pronk      Roland Schulz   
  Alexey Shvetsov     Michael Shirts     Alfons Sijbers     Peter Tieleman  
  Teemu Virolainen  Christian Wennberg    Maarten Wolf   
                           and the project leaders:
        Mark Abraham, Berk Hess, Erik Lindahl, and David van der Spoel

Copyright (c) 1991-2000, University of Groningen, The Netherlands.
Copyright (c) 2001-2015, The GROMACS development team at
Uppsala University, Stockholm University and
the Royal Institute of Technology, Sweden.
check out http://www.gromacs.org for more information.

GROMACS is free software; you can redistribute it and/or modify it
under the terms of the GNU Lesser General Public License
as published by the Free Software Foundation; either version 2.1
of the License, or (at your option) any later version.

GROMACS:      gmx convert-tpr, version 2016.1
Executable:   /opt/sw/packages/intel-17.0.1/mvapich2-2.2/gromacs/2016.1/bin/gmx_mpi
Data prefix:  /opt/sw/packages/intel-17.0.1/mvapich2-2.2/gromacs/2016.1
Working dir:  /scratch/jje63/heat_lig_multinano/Common_Nanoparticle/Dodecanthiol
Command line:
  gmx_mpi convert-tpr -s md.tpr -nsteps 800000000 -o md2.tpr

Reading toplogy and stuff from md.tpr
Reading file md.tpr, VERSION 2016.1 (single precision)
Setting nsteps to 800000000
Writing statusfile with starting step          0 and length  800000000 steps...
                                 time      0.000 and length 20000000.000 ps

Back Off! I just backed up md2.tpr to ./#md2.tpr.3#

GROMACS reminds you: "error: too many template-parameter-lists" (g++)

                      :-) GROMACS - gmx mdrun, 2016.1 (-:

                            GROMACS is written by:
     Emile Apol      Rossen Apostolov  Herman J.C. Berendsen    Par Bjelkmar   
 Aldert van Buuren   Rudi van Drunen     Anton Feenstra    Gerrit Groenhof  
 Christoph Junghans   Anca Hamuraru    Vincent Hindriksen Dimitrios Karkoulis
    Peter Kasson        Jiri Kraus      Carsten Kutzner      Per Larsson    
  Justin A. Lemkul   Magnus Lundborg   Pieter Meulenhoff    Erik Marklund   
   Teemu Murtola       Szilard Pall       Sander Pronk      Roland Schulz   
  Alexey Shvetsov     Michael Shirts     Alfons Sijbers     Peter Tieleman  
  Teemu Virolainen  Christian Wennberg    Maarten Wolf   
                           and the project leaders:
        Mark Abraham, Berk Hess, Erik Lindahl, and David van der Spoel

Copyright (c) 1991-2000, University of Groningen, The Netherlands.
Copyright (c) 2001-2015, The GROMACS development team at
Uppsala University, Stockholm University and
the Royal Institute of Technology, Sweden.
check out http://www.gromacs.org for more information.

GROMACS is free software; you can redistribute it and/or modify it
under the terms of the GNU Lesser General Public License
as published by the Free Software Foundation; either version 2.1
of the License, or (at your option) any later version.

GROMACS:      gmx mdrun, version 2016.1
Executable:   /opt/sw/packages/intel-17.0.1/mvapich2-2.2/gromacs/2016.1/bin/gmx_mpi
Data prefix:  /opt/sw/packages/intel-17.0.1/mvapich2-2.2/gromacs/2016.1
Working dir:  /scratch/jje63/heat_lig_multinano/Common_Nanoparticle/Dodecanthiol
Command line:
  gmx_mpi mdrun -s md2.tpr -cpi md.cpt -ntomp 1 -deffnm md -v -rdd 1.4


Running on 1 node with total 32 cores, 32 logical cores
Hardware detected on host halc026.amarel.rutgers.edu (the node of MPI rank 0):
  CPU info:
    Vendor: Intel
    Brand:  Intel(R) Xeon(R) Gold 6130 CPU @ 2.10GHz
    SIMD instructions most likely to fit this hardware: AVX_512
    SIMD instructions selected at GROMACS compile time: AVX_256

  Hardware topology: Basic

Compiled SIMD instructions: AVX_256, GROMACS could use AVX_512 on this machine, which is better.

Reading file md2.tpr, VERSION 2016.1 (single precision)

Reading checkpoint file md.cpt generated: Tue Aug  1 11:08:47 2023


Using 32 MPI processes


NOTE: This file uses the deprecated 'group' cutoff_scheme. This will be
removed in a future release when 'verlet' supports all interaction forms.


WARNING: This run will generate roughly 106146 Mb of data

starting mdrun 'Protein in INSANE! Membrane UpperLeaflet>POPC=1.0 LowerLeaflet>POPC=1.0'
800000000 steps, 20000000.0 ps (continuing from step 84645900, 2116147.5 ps).
step 84645900, will finish Mon May 13 03:01:24 2024

step 84645930 Turning on dynamic load balancing, because the performance loss due to load imbalance is 9.5 %.

vol 0.90  imb F  3% step 84646000, will finish Wed Sep 20 19:44:53 2023
vol 0.91  imb F  3% step 84646100, will finish Tue Sep 19 01:56:25 2023
vol 0.89  imb F  2% step 84646200, will finish Mon Sep 18 08:08:24 2023
vol 0.88  imb F  2% step 84646300, will finish Sun Sep 17 12:10:57 2023
vol 0.89  imb F  4% step 84646400, will finish Sun Sep 17 00:32:59 2023
vol 0.88  imb F  4% step 84646500, will finish Sat Sep 16 22:39:02 2023
vol 0.91  imb F  2% step 84646600, will finish Sun Sep 17 00:26:12 2023
vol 0.91  imb F  2% step 84646700, will finish Sat Sep 16 18:42:38 2023
vol 0.90  imb F  4% step 84646800, will finish Sat Sep 16 14:31:58 2023
vol 0.90  imb F  4% step 84646900, will finish Sat Sep 16 10:34:32 2023
vol 0.89  imb F  2% step 84647000, will finish Sat Sep 16 07:07:20 2023
vol 0.89  imb F  2% step 84647100, will finish Sat Sep 16 04:34:27 2023
vol 0.91  imb F  5% step 84647200, will finish Sat Sep 16 06:03:19 2023
vol 0.91  imb F  2% step 84647300, will finish Sat Sep 16 07:01:33 2023
vol 0.91  imb F  2% step 84647400, will finish Sat Sep 16 04:49:24 2023
vol 0.90  imb F  4% step 84647500, will finish Sat Sep 16 03:15:57 2023
vol 0.90  imb F  3% step 84647600, will finish Sat Sep 16 02:10:39 2023
vol 0.88  imb F  3% step 84647700, will finish Sat Sep 16 00:48:07 2023
vol 0.89  imb F  2% step 84647800, will finish Fri Sep 15 23:21:29 2023
vol 0.89  imb F  3% step 84647900, will finish Fri Sep 15 22:00:08 2023
vol 0.89  imb F  2% step 84648000, will finish Fri Sep 15 23:29:12 2023
vol 0.90  imb F  2% step 84648100, will finish Fri Sep 15 21:59:36 2023
vol 0.89  imb F  3% step 84648200, will finish Fri Sep 15 21:17:28 2023
vol 0.89  imb F  2% step 84648300, will finish Fri Sep 15 22:23:19 2023
vol 0.89  imb F  3% step 84648400, will finish Fri Sep 15 22:41:52 2023
vol 0.90  imb F  1% step 84648500, will finish Fri Sep 15 22:32:22 2023
vol 0.90  imb F  3% step 84648600, will finish Fri Sep 15 21:43:26 2023
vol 0.89  imb F  2% step 84648700, will finish Fri Sep 15 21:19:00 2023
vol 0.89  imb F  2% step 84648800, will finish Fri Sep 15 20:45:17 2023
vol 0.89  imb F  2% step 84648900, will finish Fri Sep 15 20:06:09 2023
vol 0.89  imb F  3% step 84649000, will finish Fri Sep 15 19:24:41 2023
vol 0.92  imb F  3% step 84649100, will finish Fri Sep 15 18:59:08 2023
vol 0.91  imb F  4% step 84649200, will finish Fri Sep 15 18:30:50 2023
vol 0.91  imb F  2% step 84649300, will finish Fri Sep 15 17:51:12 2023
vol 0.90  imb F  4% step 84649400, will finish Fri Sep 15 17:29:47 2023
vol 0.90  imb F  2% step 84649500, will finish Fri Sep 15 16:54:24 2023
vol 0.91  imb F  2% step 84649600, will finish Fri Sep 15 16:23:39 2023
vol 0.91  imb F  2% step 84649700, will finish Fri Sep 15 16:01:07 2023
vol 0.88  imb F  3% step 84649800, will finish Fri Sep 15 15:55:01 2023
vol 0.89  imb F  2% step 84649900, will finish Fri Sep 15 15:44:46 2023
vol 0.90  imb F  3% step 84650000, will finish Fri Sep 15 16:14:01 2023
vol 0.89  imb F  4% step 84650100, will finish Fri Sep 15 16:11:39 2023
vol 0.89  imb F  1% step 84650200, will finish Fri Sep 15 16:23:30 2023
vol 0.91  imb F  2% step 84650300, will finish Fri Sep 15 16:32:11 2023
vol 0.91  imb F  3% step 84650400, will finish Fri Sep 15 16:27:37 2023
vol 0.91  imb F  3% step 84650500, will finish Fri Sep 15 16:18:16 2023
vol 0.90  imb F  3% step 84650600, will finish Fri Sep 15 15:51:25 2023
vol 0.91  imb F  2% step 84650700, will finish Fri Sep 15 15:23:31 2023
vol 0.90  imb F  3% step 84650800, will finish Fri Sep 15 14:57:01 2023
vol 0.91  imb F  3% 
step 84650900 Turning off dynamic load balancing, because it is degrading performance.

step 84650900, will finish Fri Sep 15 20:21:37 2023
imb F  8% step 84651000, will finish Fri Sep 15 20:28:01 2023
imb F  7% step 84651100, will finish Fri Sep 15 20:24:29 2023
imb F  7% step 84651200, will finish Fri Sep 15 20:15:53 2023
imb F  8% step 84651300, will finish Fri Sep 15 21:14:22 2023
imb F  8% step 84651400, will finish Fri Sep 15 21:11:30 2023
imb F  7% step 84651500, will finish Fri Sep 15 20:56:22 2023
imb F  7% step 84651600, will finish Fri Sep 15 20:40:37 2023
imb F  8% step 84651700, will finish Fri Sep 15 20:42:44 2023
imb F  7% step 84651800, will finish Fri Sep 15 20:44:02 2023
imb F  7% step 84651900, will finish Fri Sep 15 20:42:26 2023
imb F  7% step 84652000, will finish Fri Sep 15 20:51:16 2023
imb F  8% step 84652100, will finish Fri Sep 15 20:47:36 2023
imb F  7% step 84652200, will finish Fri Sep 15 20:45:46 2023
imb F  7% step 84652300, will finish Fri Sep 15 20:37:26 2023
imb F  8% step 84652400, will finish Fri Sep 15 20:25:49 2023
imb F  7% step 84652500, will finish Fri Sep 15 20:18:42 2023
imb F  7% step 84652600, will finish Fri Sep 15 20:20:59 2023
imb F  7% step 84652700, will finish Fri Sep 15 20:24:12 2023
imb F  7% step 84652800, will finish Fri Sep 15 20:27:46 2023
imb F  7% step 84652900, will finish Fri Sep 15 20:25:54 2023
imb F 10% step 84653000, will finish Fri Sep 15 20:35:09 2023
imb F  7% step 84653100, will finish Fri Sep 15 20:54:06 2023
imb F  7% step 84653200, will finish Fri Sep 15 20:55:27 2023
imb F  7% step 84653300, will finish Fri Sep 15 21:01:11 2023
imb F  7% step 84653400, will finish Fri Sep 15 21:06:36 2023
imb F  8% step 84653500, will finish Fri Sep 15 21:05:29 2023
imb F  8% step 84653600, will finish Fri Sep 15 21:08:10 2023
imb F  7% step 84653700, will finish Fri Sep 15 21:02:45 2023
imb F  7% step 84653800, will finish Fri Sep 15 21:03:26 2023
imb F 10% step 84653900, will finish Fri Sep 15 21:10:06 2023
imb F 10% step 84654000, will finish Fri Sep 15 21:10:28 2023
imb F  8% step 84654100, will finish Fri Sep 15 21:18:19 2023
imb F  8% step 84654200, will finish Fri Sep 15 21:13:44 2023
imb F  8% step 84654300, will finish Fri Sep 15 21:10:20 2023
imb F  8% step 84654400, will finish Fri Sep 15 21:15:26 2023
imb F 11% step 84654500, will finish Fri Sep 15 21:22:00 2023
imb F  8% step 84654600, will finish Fri Sep 15 21:21:07 2023
imb F  9% step 84654700, will finish Fri Sep 15 21:20:53 2023
imb F  9% step 84654800, will finish Fri Sep 15 21:20:40 2023
imb F  7% step 84654900, will finish Fri Sep 15 21:17:00 2023
imb F  7% step 84655000, will finish Fri Sep 15 21:12:04 2023
imb F  7% step 84655100, will finish Fri Sep 15 21:10:34 2023
imb F  9% step 84655200, will finish Fri Sep 15 21:18:40 2023
imb F  8% step 84655300, will finish Fri Sep 15 21:16:07 2023
imb F  7% step 84655400, will finish Fri Sep 15 21:12:02 2023
imb F  7% step 84655500, will finish Fri Sep 15 21:08:46 2023
imb F  7% step 84655600, will finish Fri Sep 15 21:05:25 2023
imb F  8% step 84655700, will finish Fri Sep 15 21:01:32 2023
imb F 10% step 84655800, will finish Fri Sep 15 21:02:07 2023
imb F 10% step 84655900, will finish Fri Sep 15 21:02:58 2023
imb F  7% step 84656000, will finish Fri Sep 15 21:28:58 2023
imb F  8% step 84656100, will finish Fri Sep 15 21:24:00 2023
imb F 10% step 84656200, will finish Fri Sep 15 21:26:12 2023
imb F  7% step 84656300, will finish Fri Sep 15 21:31:40 2023
imb F  7% step 84656400, will finish Fri Sep 15 21:30:30 2023
imb F  9% step 84656500, will finish Fri Sep 15 21:33:26 2023
imb F  8% step 84656600, will finish Fri Sep 15 21:33:38 2023
imb F  9% step 84656700, will finish Fri Sep 15 21:33:39 2023
imb F  7% step 84656800, will finish Fri Sep 15 21:26:29 2023
imb F  8% step 84656900, will finish Fri Sep 15 21:27:16 2023
imb F  7% step 84657000, will finish Fri Sep 15 21:24:54 2023
imb F  7% step 84657100, will finish Fri Sep 15 21:24:22 2023
imb F 10% step 84657200, will finish Fri Sep 15 21:23:55 2023
imb F 10% step 84657300, will finish Fri Sep 15 21:20:14 2023
imb F  8% step 84657400, will finish Fri Sep 15 23:02:55 2023
imb F  7% step 84657500, will finish Fri Sep 15 23:04:48 2023
imb F  8% step 84657600, will finish Fri Sep 15 23:07:49 2023
imb F  7% step 84657700, will finish Fri Sep 15 23:05:50 2023
imb F  7% step 84657800, will finish Fri Sep 15 23:27:30 2023
imb F  8% step 84657900, will finish Fri Sep 15 23:24:21 2023
imb F  8% step 84658000, will finish Fri Sep 15 23:22:06 2023
imb F  7% step 84658100, will finish Fri Sep 15 23:23:11 2023
imb F  8% step 84658200, will finish Fri Sep 15 23:19:23 2023
imb F  8% step 84658300, will finish Fri Sep 15 23:19:08 2023
imb F  8% step 84658400, will finish Fri Sep 15 23:24:38 2023
imb F 10% step 84658500, will finish Fri Sep 15 23:23:17 2023
imb F  7% step 84658600, will finish Fri Sep 15 23:22:06 2023
imb F  8% step 84658700, will finish Fri Sep 15 23:20:05 2023
imb F  8% step 84658800, will finish Fri Sep 15 23:17:27 2023
imb F  7% step 84658900, will finish Fri Sep 15 23:13:35 2023
imb F  7% step 84659000, will finish Fri Sep 15 23:20:01 2023
imb F  8% step 84659100, will finish Fri Sep 15 23:18:39 2023
imb F  7% step 84659200, will finish Fri Sep 15 23:15:25 2023
imb F  8% step 84659300, will finish Fri Sep 15 23:11:33 2023
imb F  8% step 84659400, will finish Fri Sep 15 23:11:06 2023
imb F  8% step 84659500, will finish Fri Sep 15 23:15:54 2023
imb F  7% step 84659600, will finish Fri Sep 15 23:12:57 2023
imb F  9% step 84659700, will finish Fri Sep 15 23:12:28 2023
imb F  8% step 84659800, will finish Fri Sep 15 23:08:54 2023
imb F  7% step 84659900, will finish Fri Sep 15 23:00:30 2023
imb F  8% step 84660000, will finish Fri Sep 15 22:59:28 2023
imb F  8% step 84660100, will finish Fri Sep 15 22:54:55 2023
imb F  8% step 84660200, will finish Fri Sep 15 22:55:44 2023
imb F  7% step 84660300, will finish Fri Sep 15 22:52:06 2023
imb F  7% step 84660400, will finish Fri Sep 15 22:52:14 2023
imb F 11% step 84660500, will finish Fri Sep 15 22:49:42 2023
imb F  7% step 84660600, will finish Fri Sep 15 22:51:26 2023
imb F  7% step 84660700, will finish Fri Sep 15 22:46:16 2023
imb F  7% step 84660800, will finish Fri Sep 15 22:44:01 2023
imb F  8% step 84660900, will finish Fri Sep 15 22:43:27 2023
imb F  8% step 84661000, will finish Fri Sep 15 22:41:34 2023
imb F  8% step 84661100, will finish Fri Sep 15 22:38:42 2023
imb F  7% step 84661200, will finish Fri Sep 15 22:34:41 2023
imb F  8% step 84661300, will finish Fri Sep 15 22:31:43 2023
imb F  8% step 84661400, will finish Fri Sep 15 22:27:58 2023
imb F  9% step 84661500, will finish Fri Sep 15 22:28:07 2023
imb F  9% step 84661600, will finish Fri Sep 15 22:24:37 2023
imb F  7% step 84661700, will finish Fri Sep 15 22:28:13 2023
imb F  7% step 84661800, will finish Fri Sep 15 22:26:30 2023
imb F  7% step 84661900, will finish Fri Sep 15 22:22:43 2023
imb F  9% step 84662000, will finish Fri Sep 15 22:24:59 2023
imb F  7% step 84662100, will finish Fri Sep 15 22:24:39 2023
imb F  8% step 84662200, will finish Fri Sep 15 22:21:06 2023
imb F  7% step 84662300, will finish Fri Sep 15 22:17:55 2023
imb F  7% step 84662400, will finish Fri Sep 15 22:10:14 2023
imb F  8% step 84662500, will finish Fri Sep 15 22:07:40 2023
imb F  8% step 84662600, will finish Fri Sep 15 22:07:09 2023
imb F  8% step 84662700, will finish Fri Sep 15 22:06:19 2023
imb F  8% step 84662800, will finish Fri Sep 15 22:06:44 2023
imb F  7% step 84662900, will finish Fri Sep 15 22:04:03 2023
imb F  7% step 84663000, will finish Fri Sep 15 22:09:09 2023
imb F  7% step 84663100, will finish Fri Sep 15 22:10:07 2023
imb F  6% step 84663200, will finish Fri Sep 15 22:06:22 2023
imb F  7% step 84663300, will finish Fri Sep 15 22:02:52 2023
imb F  7% step 84663400, will finish Fri Sep 15 21:59:42 2023
imb F  8% step 84663500, will finish Fri Sep 15 22:01:01 2023
imb F  7% step 84663600, will finish Fri Sep 15 21:59:02 2023
imb F 11% step 84663700, will finish Fri Sep 15 21:56:27 2023
imb F  9% step 84663800, will finish Fri Sep 15 21:54:50 2023
imb F  7% step 84663900, will finish Fri Sep 15 23:03:14 2023
imb F  7% step 84664000, will finish Fri Sep 15 23:11:13 2023
imb F  7% step 84664100, will finish Fri Sep 15 23:06:57 2023
imb F  8% step 84664200, will finish Fri Sep 15 23:18:34 2023
imb F  6% step 84664300, will finish Fri Sep 15 23:14:39 2023
imb F  7% step 84664400, will finish Fri Sep 15 23:09:38 2023
imb F  6% step 84664500, will finish Fri Sep 15 23:06:13 2023
imb F  9% step 84664600, will finish Fri Sep 15 23:03:32 2023
imb F  8% step 84664700, will finish Fri Sep 15 23:00:01 2023
imb F  7% step 84664800, will finish Fri Sep 15 23:03:20 2023
imb F  7% step 84664900, will finish Fri Sep 15 23:04:14 2023
imb F  7% step 84665000, will finish Fri Sep 15 23:03:42 2023
imb F  7% step 84665100, will finish Fri Sep 15 23:01:00 2023
imb F  8% step 84665200, will finish Fri Sep 15 22:57:57 2023
imb F  8% step 84665300, will finish Fri Sep 15 22:55:24 2023
imb F  6% step 84665400, will finish Fri Sep 15 22:52:25 2023
imb F  7% step 84665500, will finish Fri Sep 15 22:48:23 2023
imb F  8% step 84665600, will finish Fri Sep 15 22:45:11 2023
imb F  8% step 84665700, will finish Fri Sep 15 22:42:14 2023
imb F  7% step 84665800, will finish Fri Sep 15 22:38:02 2023
imb F  7% step 84665900, will finish Fri Sep 15 22:35:35 2023
imb F  7% step 84666000, will finish Fri Sep 15 22:36:04 2023
imb F  7% step 84666100, will finish Fri Sep 15 22:34:21 2023
imb F  6% step 84666200, will finish Fri Sep 15 22:34:02 2023
imb F  7% step 84666300, will finish Fri Sep 15 22:32:48 2023
imb F  7% step 84666400, will finish Fri Sep 15 22:31:50 2023
imb F 10% step 84666500, will finish Fri Sep 15 22:31:29 2023
imb F  7% step 84666600, will finish Fri Sep 15 22:29:54 2023
imb F 10% step 84666700, will finish Fri Sep 15 22:27:53 2023
imb F 11% step 84666800, will finish Fri Sep 15 22:27:25 2023
imb F  8% step 84666900, will finish Fri Sep 15 22:26:36 2023
imb F  7% step 84667000, will finish Fri Sep 15 22:22:41 2023
imb F  7% step 84667100, will finish Fri Sep 15 22:22:49 2023
imb F  9% step 84667200, will finish Fri Sep 15 22:21:54 2023
imb F 10% step 84667300, will finish Fri Sep 15 22:20:03 2023
imb F  7% step 84667400, will finish Fri Sep 15 22:17:03 2023
imb F  9% step 84667500, will finish Fri Sep 15 22:13:03 2023
imb F  7% step 84667600, will finish Fri Sep 15 22:09:58 2023
imb F  8% step 84667700, will finish Fri Sep 15 22:09:17 2023
imb F  7% step 84667800, will finish Fri Sep 15 22:07:53 2023
imb F  8% 
step 84667900 Turning on dynamic load balancing, because the performance loss due to load imbalance is 2.0 %.

step 84667900, will finish Fri Sep 15 22:07:59 2023
vol 0.89  imb F  4% step 84668000, will finish Fri Sep 15 22:05:02 2023
vol 0.89  imb F  3% step 84668100, will finish Fri Sep 15 21:58:10 2023
vol 0.90  imb F  3% step 84668200, will finish Fri Sep 15 21:56:03 2023
vol 0.91  imb F  3% step 84668300, will finish Fri Sep 15 21:53:11 2023
vol 0.90  imb F  2% step 84668400, will finish Fri Sep 15 21:46:48 2023
vol 0.90  imb F  3% step 84668500, will finish Fri Sep 15 21:41:48 2023
vol 0.91  imb F  3% step 84668600, will finish Fri Sep 15 21:36:13 2023
vol 0.91  imb F  2% step 84668700, will finish Fri Sep 15 21:32:22 2023
vol 0.91  imb F  2% step 84668800, will finish Fri Sep 15 21:27:35 2023
vol 0.90  imb F  2% step 84668900, will finish Fri Sep 15 21:22:05 2023
vol 0.91  imb F  2% step 84669000, will finish Fri Sep 15 21:17:20 2023
vol 0.90  imb F  2% step 84669100, will finish Fri Sep 15 21:12:03 2023
vol 0.91  imb F  3% step 84669200, will finish Fri Sep 15 21:06:53 2023
vol 0.90  imb F  2% step 84669300, will finish Fri Sep 15 21:04:29 2023
vol 0.90  imb F  3% step 84669400, will finish Fri Sep 15 20:58:38 2023
vol 0.90  imb F  3% step 84669500, will finish Fri Sep 15 20:54:23 2023
vol 0.90  imb F  2% step 84669600, will finish Fri Sep 15 20:51:08 2023
vol 0.89  imb F  2% step 84669700, will finish Fri Sep 15 20:45:55 2023
vol 0.89  imb F  2% step 84669800, will finish Fri Sep 15 20:40:57 2023
vol 0.89  imb F  2% step 84669900, will finish Fri Sep 15 20:35:25 2023
vol 0.89  imb F  3% step 84670000, will finish Fri Sep 15 20:30:37 2023
vol 0.89  imb F  2% step 84670100, will finish Fri Sep 15 20:25:32 2023
vol 0.91  imb F  2% step 84670200, will finish Fri Sep 15 20:20:42 2023
vol 0.91  imb F  2% step 84670300, will finish Fri Sep 15 20:15:53 2023
vol 0.91  imb F  2% step 84670400, will finish Fri Sep 15 20:30:48 2023
vol 0.89  imb F  3% step 84670500, will finish Fri Sep 15 20:25:15 2023
vol 0.89  imb F  2% step 84670600, will finish Fri Sep 15 20:19:15 2023
vol 0.89  imb F  2% step 84670700, will finish Fri Sep 15 20:14:21 2023
vol 0.90  imb F  2% step 84670800, will finish Fri Sep 15 20:24:14 2023
vol 0.91  imb F  3% step 84670900, will finish Fri Sep 15 20:18:31 2023
vol 0.91  imb F  1% step 84671000, will finish Fri Sep 15 20:12:39 2023
vol 0.90  imb F  2% step 84671100, will finish Fri Sep 15 20:09:09 2023
vol 0.90  imb F  3% step 84671200, will finish Fri Sep 15 20:04:49 2023
vol 0.90  imb F  2% step 84671300, will finish Fri Sep 15 19:59:17 2023
vol 0.89  imb F  2% step 84671400, will finish Fri Sep 15 19:53:52 2023
vol 0.90  imb F  2% step 84671500, will finish Fri Sep 15 19:50:26 2023
vol 0.89  imb F  2% step 84671600, will finish Fri Sep 15 19:45:47 2023
vol 0.87  imb F  2% step 84671700, will finish Fri Sep 15 19:40:32 2023
vol 0.89  imb F  4% step 84671800, will finish Fri Sep 15 19:35:33 2023
vol 0.90  imb F  1% step 84671900, will finish Fri Sep 15 19:31:15 2023
vol 0.90  imb F  5% step 84672000, will finish Fri Sep 15 19:37:39 2023
vol 0.90  imb F  1% step 84672100, will finish Fri Sep 15 19:31:46 2023
vol 0.90  imb F  2% step 84672200, will finish Fri Sep 15 19:26:54 2023
slurmstepd: error: *** STEP 30479706.1 ON halc026 CANCELLED AT 2023-08-08T14:35:01 ***
slurmstepd: error: *** JOB 30479706 ON halc026 CANCELLED AT 2023-08-08T14:35:01 ***
srun: Job step aborted: Waiting up to 32 seconds for job step to finish.


Received the TERM signal, stopping within 10 steps



Received the TERM signal, stopping within 10 steps



Received the TERM signal, stopping within 10 steps



Received the TERM signal, stopping within 10 steps



Received the TERM signal, stopping within 10 steps



Received the TERM signal, stopping within 10 steps



Received the TERM signal, stopping within 10 steps



Received the TERM signal, stopping within 10 steps



Received the TERM signal, stopping within 10 steps



Received the TERM signal, stopping within 10 steps



Received the TERM signal, stopping within 10 steps



Received the TERM signal, stopping within 10 steps



Received the TERM signal, stopping within 10 steps



Received the TERM signal, stopping within 10 steps



Received the TERM signal, stopping within 10 steps



Received the TERM signal, stopping within 10 steps



Received the TERM signal, stopping within 10 steps



Received the TERM signal, stopping within 10 steps



Received the TERM signal, stopping within 10 steps



Received the TERM signal, stopping within 10 steps



Received the TERM signal, stopping within 10 steps



Received the TERM signal, stopping within 10 steps



Received the TERM signal, stopping within 10 steps



Received the TERM signal, stopping within 10 steps



Received the TERM signal, stopping within 10 steps



Received the TERM signal, stopping within 10 steps



Received the TERM signal, stopping within 10 steps



Received the TERM signal, stopping within 10 steps



Received the TERM signal, stopping within 10 steps



Received the TERM signal, stopping within 10 steps



Received the TERM signal, stopping within 10 steps



Received the TERM signal, stopping within 10 steps

