                      :-) GROMACS - gmx grompp, 2016.1 (-:

                            GROMACS is written by:
     Emile Apol      Rossen Apostolov  Herman J.C. Berendsen    Par Bjelkmar   
 Aldert van Buuren   Rudi van Drunen     Anton Feenstra    Gerrit Groenhof  
 Christoph Junghans   Anca Hamuraru    Vincent Hindriksen Dimitrios Karkoulis
    Peter Kasson        Jiri Kraus      Carsten Kutzner      Per Larsson    
  Justin A. Lemkul   Magnus Lundborg   Pieter Meulenhoff    Erik Marklund   
   Teemu Murtola       Szilard Pall       Sander Pronk      Roland Schulz   
  Alexey Shvetsov     Michael Shirts     Alfons Sijbers     Peter Tieleman  
  Teemu Virolainen  Christian Wennberg    Maarten Wolf   
                           and the project leaders:
        Mark Abraham, Berk Hess, Erik Lindahl, and David van der Spoel

Copyright (c) 1991-2000, University of Groningen, The Netherlands.
Copyright (c) 2001-2015, The GROMACS development team at
Uppsala University, Stockholm University and
the Royal Institute of Technology, Sweden.
check out http://www.gromacs.org for more information.

GROMACS is free software; you can redistribute it and/or modify it
under the terms of the GNU Lesser General Public License
as published by the Free Software Foundation; either version 2.1
of the License, or (at your option) any later version.

GROMACS:      gmx grompp, version 2016.1
Executable:   /opt/sw/packages/intel-17.0.1/mvapich2-2.2/gromacs/2016.1/bin/gmx_mpi
Data prefix:  /opt/sw/packages/intel-17.0.1/mvapich2-2.2/gromacs/2016.1
Working dir:  /scratch/jje63/heat_lig_multinano/Common_Nanoparticle/Dodecanthiol
Command line:
  gmx_mpi grompp -f md_i.mdp -c em.gro -p insane.top -o md -maxwarn 10

Replacing old mdp entry 'unconstrained_start' by 'continuation'
Replacing old mdp entry 'nstxtcout' by 'nstxout-compressed'
Replacing old mdp entry 'xtc_precision' by 'compressed-x-precision'

Back Off! I just backed up mdout.mdp to ./#mdout.mdp.1#

NOTE 1 [file md_i.mdp]:
  The group cutoff scheme is deprecated since GROMACS 5.0 and will be
  removed in a future release when all interaction forms are supported for
  the verlet scheme. The verlet scheme already scales better, and it is
  compatible with GPUs and other accelerators.


NOTE 2 [file md_i.mdp]:
  The switch/shift interaction settings are just for compatibility; you
  will get better performance from applying potential modifiers to your
  interactions!



NOTE 3 [file md_i.mdp]:
  For energy conservation with switch/shift potentials, rlist should be 0.1
  to 0.3 nm larger than rcoulomb.


NOTE 4 [file md_i.mdp]:
  For energy conservation with switch/shift potentials, rlist should be 0.1
  to 0.3 nm larger than rvdw.

Setting the LD random seed to -998599300
Generated 1 of the 820 non-bonded parameter combinations
Excluding 1 bonded neighbours molecule type 'AU'
Excluding 1 bonded neighbours molecule type 'POPC'
Excluding 1 bonded neighbours molecule type 'POPC'
Excluding 1 bonded neighbours molecule type 'W'
Excluding 1 bonded neighbours molecule type 'NA+'
Excluding 1 bonded neighbours molecule type 'CL-'
Setting gen_seed to -997759625
Velocities were taken from a Maxwell distribution at 313 K
Number of degrees of freedom in T-Coupling group AU is 11549.95
Number of degrees of freedom in T-Coupling group POPC is 223919.09
Number of degrees of freedom in T-Coupling group W is 499555.00
Number of degrees of freedom in T-Coupling group ION is 10997.96

NOTE 5 [file md_i.mdp]:
  This run will generate roughly 118817 Mb of data


There were 5 notes

Back Off! I just backed up md.tpr to ./#md.tpr.1#

GROMACS reminds you: "Please implement proper hep writing" (GROMACS)

                      :-) GROMACS - gmx mdrun, 2016.1 (-:

                            GROMACS is written by:
     Emile Apol      Rossen Apostolov  Herman J.C. Berendsen    Par Bjelkmar   
 Aldert van Buuren   Rudi van Drunen     Anton Feenstra    Gerrit Groenhof  
 Christoph Junghans   Anca Hamuraru    Vincent Hindriksen Dimitrios Karkoulis
    Peter Kasson        Jiri Kraus      Carsten Kutzner      Per Larsson    
  Justin A. Lemkul   Magnus Lundborg   Pieter Meulenhoff    Erik Marklund   
   Teemu Murtola       Szilard Pall       Sander Pronk      Roland Schulz   
  Alexey Shvetsov     Michael Shirts     Alfons Sijbers     Peter Tieleman  
  Teemu Virolainen  Christian Wennberg    Maarten Wolf   
                           and the project leaders:
        Mark Abraham, Berk Hess, Erik Lindahl, and David van der Spoel

Copyright (c) 1991-2000, University of Groningen, The Netherlands.
Copyright (c) 2001-2015, The GROMACS development team at
Uppsala University, Stockholm University and
the Royal Institute of Technology, Sweden.
check out http://www.gromacs.org for more information.

GROMACS is free software; you can redistribute it and/or modify it
under the terms of the GNU Lesser General Public License
as published by the Free Software Foundation; either version 2.1
of the License, or (at your option) any later version.

GROMACS:      gmx mdrun, version 2016.1
Executable:   /opt/sw/packages/intel-17.0.1/mvapich2-2.2/gromacs/2016.1/bin/gmx_mpi
Data prefix:  /opt/sw/packages/intel-17.0.1/mvapich2-2.2/gromacs/2016.1
Working dir:  /scratch/jje63/heat_lig_multinano/Common_Nanoparticle/Dodecanthiol
Command line:
  gmx_mpi mdrun -ntomp 1 -deffnm md -v -rdd 1.4


Back Off! I just backed up md.log to ./#md.log.1#

Running on 1 node with total 40 cores, 40 logical cores
Hardware detected on host halc052.amarel.rutgers.edu (the node of MPI rank 0):
  CPU info:
    Vendor: Intel
    Brand:  Intel(R) Xeon(R) Gold 6248 CPU @ 2.50GHz
    SIMD instructions most likely to fit this hardware: AVX_512
    SIMD instructions selected at GROMACS compile time: AVX_256

  Hardware topology: Basic

Compiled SIMD instructions: AVX_256, GROMACS could use AVX_512 on this machine, which is better.

Reading file md.tpr, VERSION 2016.1 (single precision)
Using 32 MPI processes


NOTE: This file uses the deprecated 'group' cutoff_scheme. This will be
removed in a future release when 'verlet' supports all interaction forms.


Non-default thread affinity set probably by the OpenMP library,
disabling internal thread affinity

Back Off! I just backed up md.xtc to ./#md.xtc.1#

Back Off! I just backed up md.edr to ./#md.edr.1#

WARNING: This run will generate roughly 118704 Mb of data

starting mdrun 'Protein in INSANE! Membrane UpperLeaflet>POPC=1.0 LowerLeaflet>POPC=1.0'
800000000 steps, 20000000.0 ps.
step 0
[halc052.amarel.rutgers.edu:mpi_rank_25][error_sighandler] Caught error: Segmentation fault (signal 11)
[halc052.amarel.rutgers.edu:mpi_rank_13][error_sighandler] Caught error: Segmentation fault (signal 11)
srun: error: halc052: tasks 13,25: Segmentation fault
slurmstepd: error: *** STEP 29835119.1 ON halc052 CANCELLED AT 2023-07-12T14:17:48 ***
slurmstepd: error: *** JOB 29835119 ON halc052 CANCELLED AT 2023-07-12T14:17:48 ***
srun: Job step aborted: Waiting up to 32 seconds for job step to finish.
