                   :-) GROMACS - gmx convert-tpr, 2016.1 (-:

                            GROMACS is written by:
     Emile Apol      Rossen Apostolov  Herman J.C. Berendsen    Par Bjelkmar   
 Aldert van Buuren   Rudi van Drunen     Anton Feenstra    Gerrit Groenhof  
 Christoph Junghans   Anca Hamuraru    Vincent Hindriksen Dimitrios Karkoulis
    Peter Kasson        Jiri Kraus      Carsten Kutzner      Per Larsson    
  Justin A. Lemkul   Magnus Lundborg   Pieter Meulenhoff    Erik Marklund   
   Teemu Murtola       Szilard Pall       Sander Pronk      Roland Schulz   
  Alexey Shvetsov     Michael Shirts     Alfons Sijbers     Peter Tieleman  
  Teemu Virolainen  Christian Wennberg    Maarten Wolf   
                           and the project leaders:
        Mark Abraham, Berk Hess, Erik Lindahl, and David van der Spoel

Copyright (c) 1991-2000, University of Groningen, The Netherlands.
Copyright (c) 2001-2015, The GROMACS development team at
Uppsala University, Stockholm University and
the Royal Institute of Technology, Sweden.
check out http://www.gromacs.org for more information.

GROMACS is free software; you can redistribute it and/or modify it
under the terms of the GNU Lesser General Public License
as published by the Free Software Foundation; either version 2.1
of the License, or (at your option) any later version.

GROMACS:      gmx convert-tpr, version 2016.1
Executable:   /opt/sw/packages/intel-17.0.1/mvapich2-2.2/gromacs/2016.1/bin/gmx_mpi
Data prefix:  /opt/sw/packages/intel-17.0.1/mvapich2-2.2/gromacs/2016.1
Working dir:  /scratch/jje63/heat_lig_multinano/Common_Nanoparticle/Dodecanthiol
Command line:
  gmx_mpi convert-tpr -s md.tpr -nsteps 2000000000 -o md2.tpr

Reading toplogy and stuff from md.tpr
Reading file md.tpr, VERSION 2016.1 (single precision)
Setting nsteps to 2000000000
Writing statusfile with starting step          0 and length 2000000000 steps...
                                 time      0.000 and length 50000000.000 ps

GROMACS reminds you: "It's Calling Me to Break my Bonds, Again..." (Van der Graaf)

                      :-) GROMACS - gmx mdrun, 2016.1 (-:

                            GROMACS is written by:
     Emile Apol      Rossen Apostolov  Herman J.C. Berendsen    Par Bjelkmar   
 Aldert van Buuren   Rudi van Drunen     Anton Feenstra    Gerrit Groenhof  
 Christoph Junghans   Anca Hamuraru    Vincent Hindriksen Dimitrios Karkoulis
    Peter Kasson        Jiri Kraus      Carsten Kutzner      Per Larsson    
  Justin A. Lemkul   Magnus Lundborg   Pieter Meulenhoff    Erik Marklund   
   Teemu Murtola       Szilard Pall       Sander Pronk      Roland Schulz   
  Alexey Shvetsov     Michael Shirts     Alfons Sijbers     Peter Tieleman  
  Teemu Virolainen  Christian Wennberg    Maarten Wolf   
                           and the project leaders:
        Mark Abraham, Berk Hess, Erik Lindahl, and David van der Spoel

Copyright (c) 1991-2000, University of Groningen, The Netherlands.
Copyright (c) 2001-2015, The GROMACS development team at
Uppsala University, Stockholm University and
the Royal Institute of Technology, Sweden.
check out http://www.gromacs.org for more information.

GROMACS is free software; you can redistribute it and/or modify it
under the terms of the GNU Lesser General Public License
as published by the Free Software Foundation; either version 2.1
of the License, or (at your option) any later version.

GROMACS:      gmx mdrun, version 2016.1
Executable:   /opt/sw/packages/intel-17.0.1/mvapich2-2.2/gromacs/2016.1/bin/gmx_mpi
Data prefix:  /opt/sw/packages/intel-17.0.1/mvapich2-2.2/gromacs/2016.1
Working dir:  /scratch/jje63/heat_lig_multinano/Common_Nanoparticle/Dodecanthiol
Command line:
  gmx_mpi mdrun -s md2.tpr -cpi md.cpt -ntomp 1 -deffnm md -v -rdd 1.4


Running on 2 nodes with total 64 cores, 64 logical cores
  Cores per node:           32
  Logical cores per node:   32
Hardware detected on host halc002.amarel.rutgers.edu (the node of MPI rank 0):
  CPU info:
    Vendor: Intel
    Brand:  Intel(R) Xeon(R) Gold 6130 CPU @ 2.10GHz
    SIMD instructions most likely to fit this hardware: AVX_512
    SIMD instructions selected at GROMACS compile time: AVX_256

  Hardware topology: Basic

Compiled SIMD instructions: AVX_256, GROMACS could use AVX_512 on this machine, which is better.

Reading file md2.tpr, VERSION 2016.1 (single precision)

Reading checkpoint file md.cpt generated: Wed Jul 12 08:59:02 2023


Using 64 MPI processes


NOTE: This file uses the deprecated 'group' cutoff_scheme. This will be
removed in a future release when 'verlet' supports all interaction forms.


WARNING: This run will generate roughly 296718 Mb of data

starting mdrun 'Protein in INSANE! Membrane UpperLeaflet>POPC=1.0 LowerLeaflet>POPC=1.0'
2000000000 steps, 50000000.0 ps (continuing from step 77260,   1931.5 ps).
step 77260, will finish Mon Jun  3 08:14:14 2024

step 77290 Turning on dynamic load balancing, because the performance loss due to load imbalance is 6.5 %.

vol 0.97  imb F 19% step 77300, will finish Wed Sep 27 03:17:01 2023
vol 0.93  imb F  1% step 77400, will finish Sat Sep 16 01:08:38 2023
vol 0.92  imb F  1% step 77500, will finish Wed Sep 13 04:03:18 2023
vol 0.91  imb F  3% step 77600, will finish Wed Sep 13 22:25:39 2023
vol 0.91  imb F  1% step 77700, will finish Wed Sep 13 19:13:05 2023
vol 0.93  imb F  1% step 77800, will finish Tue Sep 12 14:27:05 2023
vol 0.93  imb F  1% step 77900, will finish Mon Sep 11 18:51:53 2023
vol 0.93  imb F  2% step 78000, will finish Mon Sep 11 03:16:33 2023
vol 0.93  imb F  1% step 78100, will finish Sun Sep 10 17:20:08 2023
vol 0.93  imb F  1% step 78200, will finish Sun Sep 10 09:19:36 2023
vol 0.93  imb F  2% step 78300, will finish Sun Sep 10 02:20:18 2023
vol 0.92  imb F  2% step 78400, will finish Sun Sep 10 11:04:46 2023
vol 0.93  imb F  1% step 78500, will finish Sun Sep 10 11:47:22 2023
vol 0.92  imb F  2% step 78600, will finish Sun Sep 10 05:41:55 2023
vol 0.92  imb F  1% step 78700, will finish Sun Sep 10 00:14:53 2023
vol 0.92  imb F  1% step 78800, will finish Sat Sep  9 20:06:41 2023
vol 0.92  imb F  2% step 78900, will finish Sat Sep  9 20:17:52 2023
vol 0.91  imb F  2% step 79000, will finish Sat Sep  9 17:10:58 2023
vol 0.93  imb F  1% step 79100, will finish Sat Sep  9 14:18:30 2023
vol 0.92  imb F  1% step 79200, will finish Sat Sep  9 13:12:49 2023
vol 0.91  imb F  1% step 79300, will finish Sat Sep  9 10:32:01 2023
vol 0.91  imb F  2% step 79400, will finish Sat Sep  9 10:59:46 2023
vol 0.91  imb F  2% step 79500, will finish Sat Sep  9 14:42:25 2023
vol 0.91  imb F  1% step 79600, will finish Sat Sep  9 16:54:07 2023
vol 0.92  imb F  1% step 79700, will finish Sat Sep  9 17:59:44 2023
vol 0.93  imb F  1% step 79800, will finish Sat Sep  9 15:37:42 2023
vol 0.91  imb F  2% step 79900, will finish Sat Sep  9 14:06:46 2023
vol 0.91  imb F  1% step 80000, will finish Sat Sep  9 19:23:27 2023
vol 0.92  imb F  1% step 80100, will finish Sat Sep  9 17:37:21 2023
vol 0.92  imb F  2% step 80200, will finish Sat Sep  9 15:29:45 2023
vol 0.92  imb F  1% step 80300, will finish Sat Sep  9 13:32:59 2023
vol 0.92  imb F  1% step 80400, will finish Sat Sep  9 11:44:38 2023
vol 0.92  imb F  1% step 80500, will finish Sat Sep  9 10:05:19 2023
vol 0.92  imb F  1% step 80600, will finish Sat Sep  9 08:46:40 2023
vol 0.93  imb F  1% step 80700, will finish Sat Sep  9 07:35:28 2023
vol 0.92  imb F  1% step 80800, will finish Sat Sep  9 07:30:44 2023
vol 0.91  imb F  1% step 80900, will finish Sat Sep  9 08:10:52 2023
vol 0.91  imb F  1% step 81000, will finish Sat Sep  9 07:44:28 2023
vol 0.93  imb F  1% step 81100, will finish Sat Sep  9 08:20:22 2023
vol 0.92  imb F  2% step 81200, will finish Sat Sep  9 09:18:54 2023
vol 0.91  imb F  2% step 81300, will finish Sat Sep  9 09:14:41 2023
vol 0.91  imb F  2% step 81400, will finish Sat Sep  9 08:12:31 2023
vol 0.91  imb F  2% step 81500, will finish Sat Sep  9 08:55:03 2023
vol 0.91  imb F  2% step 81600, will finish Sat Sep  9 08:35:43 2023
vol 0.90  imb F  2% step 81700, will finish Sat Sep  9 08:57:16 2023
vol 0.92  imb F  1% step 81800, will finish Sat Sep  9 08:08:43 2023
vol 0.92  imb F  1% step 81900, will finish Sat Sep  9 07:20:43 2023
vol 0.92  imb F  1% step 82000, will finish Sat Sep  9 06:20:14 2023
vol 0.92  imb F  1% step 82100, will finish Sat Sep  9 05:28:11 2023
vol 0.91  imb F  1% step 82200, will finish Sat Sep  9 04:26:27 2023
vol 0.91  imb F  1% step 82300, will finish Sat Sep  9 03:26:26 2023
vol 0.91  imb F  1% step 82400, will finish Sat Sep  9 02:47:15 2023
vol 0.91  imb F  1% step 82500, will finish Sat Sep  9 02:02:07 2023
vol 0.91  imb F  3% step 82600, will finish Sat Sep  9 01:36:03 2023
vol 0.92  imb F  1% step 82700, will finish Sat Sep  9 01:37:28 2023
vol 0.92  imb F  1% step 82800, will finish Sat Sep  9 01:09:24 2023
vol 0.90  imb F  1% step 82900, will finish Sat Sep  9 01:18:36 2023
vol 0.92  imb F  1% step 83000, will finish Sat Sep  9 01:08:20 2023
vol 0.92  imb F  2% step 83100, will finish Sat Sep  9 00:52:00 2023
vol 0.91  imb F  1% step 83200, will finish Sat Sep  9 00:45:57 2023
vol 0.90  imb F  2% step 83300, will finish Sat Sep  9 01:11:25 2023
vol 0.90  imb F  1% step 83400, will finish Sat Sep  9 00:33:53 2023
vol 0.90  imb F  1% step 83500, will finish Sat Sep  9 00:34:22 2023
vol 0.91  imb F  1% step 83600, will finish Fri Sep  8 23:52:52 2023
vol 0.91  imb F  2% step 83700, will finish Fri Sep  8 23:13:43 2023
vol 0.91  imb F  1% step 83800, will finish Fri Sep  8 23:04:22 2023
vol 0.91  imb F  2% step 83900, will finish Fri Sep  8 22:39:30 2023
vol 0.91  imb F  1% step 84000, will finish Fri Sep  8 22:15:00 2023
vol 0.91  imb F  1% step 84100, will finish Sat Sep  9 00:48:37 2023
vol 0.91  imb F  2% step 84200, will finish Sat Sep  9 04:48:52 2023

step 84260 Turning off dynamic load balancing, because it is degrading performance.

imb F  7% step 84300, will finish Sat Sep  9 15:17:33 2023
imb F  9% step 84400, will finish Sat Sep  9 14:43:13 2023
imb F  8% step 84500, will finish Sat Sep  9 14:41:52 2023
imb F  8% step 84600, will finish Sat Sep  9 14:14:38 2023
imb F  9% step 84700, will finish Sat Sep  9 13:47:35 2023
imb F  7% step 84800, will finish Sat Sep  9 13:05:18 2023
imb F  7% step 84900, will finish Sat Sep  9 13:21:14 2023
imb F  8% step 85000, will finish Sat Sep  9 12:46:09 2023
imb F  9% step 85100, will finish Sat Sep  9 12:31:38 2023
imb F  9% step 85200, will finish Sat Sep  9 12:15:45 2023
imb F 10% step 85300, will finish Sat Sep  9 12:17:28 2023
imb F  8% step 85400, will finish Sat Sep  9 12:11:01 2023
imb F  8% step 85500, will finish Sat Sep  9 11:44:42 2023
imb F  7% step 85600, will finish Sat Sep  9 11:38:41 2023
imb F  8% step 85700, will finish Sat Sep  9 11:17:37 2023
imb F  7% step 85800, will finish Sat Sep  9 10:46:27 2023
imb F  8% step 85900, will finish Sat Sep  9 10:29:20 2023
imb F  7% step 86000, will finish Sat Sep  9 10:09:26 2023
imb F  8% step 86100, will finish Sat Sep  9 09:42:15 2023
imb F 79% step 86200, will finish Sat Sep  9 10:58:52 2023
imb F  8% step 86300, will finish Sat Sep  9 10:40:49 2023
imb F  8% step 86400, will finish Sat Sep  9 10:11:11 2023
imb F  8% step 86500, will finish Sat Sep  9 09:52:30 2023
imb F  7% step 86600, will finish Sat Sep  9 09:35:40 2023
imb F  7% step 86700, will finish Sat Sep  9 09:06:39 2023
imb F  7% step 86800, will finish Sat Sep  9 08:33:59 2023
imb F  8% step 86900, will finish Sat Sep  9 08:09:15 2023
imb F  8% step 87000, will finish Sat Sep  9 09:01:10 2023
imb F  7% step 87100, will finish Sat Sep  9 16:37:33 2023
imb F  8% step 87200, will finish Sat Sep  9 18:07:21 2023
imb F  7% step 87300, will finish Sat Sep  9 19:05:34 2023
imb F  8% step 87400, will finish Sat Sep  9 20:02:19 2023
imb F 17% step 87500, will finish Sat Sep  9 20:35:38 2023
imb F  8% step 87600, will finish Sat Sep  9 20:09:10 2023
imb F  8% step 87700, will finish Sat Sep  9 19:31:49 2023
imb F 11% step 87800, will finish Sat Sep  9 19:08:38 2023
imb F  8% step 87900, will finish Sat Sep  9 18:52:54 2023
imb F  8% step 88000, will finish Sat Sep  9 19:32:44 2023
imb F  7% step 88100, will finish Sat Sep  9 18:50:46 2023
imb F  8% step 88200, will finish Sat Sep  9 18:18:19 2023
imb F  8% step 88300, will finish Sat Sep  9 17:51:54 2023
imb F  7% step 88400, will finish Sat Sep  9 17:25:39 2023
imb F  7% step 88500, will finish Sat Sep  9 17:05:49 2023
imb F  7% step 88600, will finish Sat Sep  9 16:45:21 2023
imb F  8% step 88700, will finish Sat Sep  9 16:24:53 2023
imb F  7% step 88800, will finish Sat Sep  9 15:56:01 2023
imb F  8% step 88900, will finish Sat Sep  9 15:23:31 2023
imb F  7% step 89000, will finish Sat Sep  9 15:28:30 2023
imb F  7% step 89100, will finish Sat Sep  9 14:55:31 2023
imb F  7% step 89200, will finish Sat Sep  9 14:25:31 2023
imb F  8% step 89300, will finish Sat Sep  9 14:24:38 2023
imb F  8% step 89400, will finish Sat Sep  9 13:49:58 2023
imb F  7% step 89500, will finish Sat Sep  9 13:24:13 2023
imb F  7% step 89600, will finish Sat Sep  9 13:00:48 2023
imb F  7% step 89700, will finish Sat Sep  9 12:44:26 2023
imb F  7% step 89800, will finish Sat Sep  9 12:16:58 2023
imb F  8% step 89900, will finish Sat Sep  9 11:45:48 2023
imb F  7% step 90000, will finish Sat Sep  9 11:13:26 2023
imb F  7% step 90100, will finish Sat Sep  9 11:34:26 2023
imb F  7% step 90200, will finish Sat Sep  9 11:11:43 2023
imb F  8% step 90300, will finish Sat Sep  9 10:50:48 2023
imb F  7% step 90400, will finish Sat Sep  9 10:26:44 2023
imb F  8% step 90500, will finish Sat Sep  9 10:14:51 2023
imb F  7% step 90600, will finish Sat Sep  9 09:56:15 2023
imb F  8% step 90700, will finish Sat Sep  9 09:26:37 2023
imb F  7% step 90800, will finish Sat Sep  9 08:56:42 2023
imb F  9% step 90900, will finish Sat Sep  9 08:32:52 2023
imb F  9% step 91000, will finish Sat Sep  9 08:22:01 2023
imb F 11% step 91100, will finish Sat Sep  9 08:19:20 2023
imb F  8% step 91200, will finish Sat Sep  9 07:53:14 2023
imb F  7% step 91300, will finish Sat Sep  9 07:47:39 2023
imb F  7% step 91400, will finish Sat Sep  9 07:23:18 2023
imb F  6% step 91500, will finish Sat Sep  9 06:58:53 2023
imb F  7% step 91600, will finish Sat Sep  9 06:29:53 2023
imb F  7% step 91700, will finish Sat Sep  9 06:06:00 2023
imb F  7% step 91800, will finish Sat Sep  9 05:41:49 2023
imb F  6% step 91900, will finish Sat Sep  9 05:20:08 2023
imb F  7% step 92000, will finish Sat Sep  9 04:55:57 2023
imb F  8% step 92100, will finish Sat Sep  9 04:35:23 2023
imb F  7% step 92200, will finish Sat Sep  9 04:22:54 2023
imb F  8% step 92300, will finish Sat Sep  9 04:05:41 2023
imb F  8% step 92400, will finish Sat Sep  9 03:50:42 2023
imb F  8% step 92500, will finish Sat Sep  9 03:30:43 2023
imb F  7% step 92600, will finish Sat Sep  9 03:20:19 2023
imb F  8% step 92700, will finish Sat Sep  9 03:03:22 2023
imb F  8% step 92800, will finish Sat Sep  9 02:46:40 2023
imb F  9% step 92900, will finish Sat Sep  9 02:28:46 2023
imb F  7% step 93000, will finish Sat Sep  9 02:07:37 2023
imb F  8% step 93100, will finish Sat Sep  9 02:05:11 2023
imb F  7% step 93200, will finish Sat Sep  9 01:51:38 2023
imb F  7% step 93300, will finish Sat Sep  9 01:34:20 2023
imb F  8% step 93400, will finish Sat Sep  9 01:29:18 2023
imb F  8% step 93500, will finish Sat Sep  9 01:09:03 2023
imb F  8% step 93600, will finish Sat Sep  9 00:49:40 2023
imb F  7% step 93700, will finish Sat Sep  9 00:28:44 2023
imb F  7% step 93800, will finish Sat Sep  9 00:13:20 2023
imb F  8% step 93900, will finish Fri Sep  8 23:55:03 2023
imb F  8% step 94000, will finish Fri Sep  8 23:39:09 2023
imb F  8% step 94100, will finish Fri Sep  8 23:24:52 2023
imb F  7% step 94200, will finish Fri Sep  8 23:08:42 2023
imb F  7% step 94300, will finish Fri Sep  8 22:52:00 2023
imb F  7% step 94400, will finish Fri Sep  8 22:37:21 2023
imb F  6% step 94500, will finish Fri Sep  8 22:20:11 2023
imb F  7% step 94600, will finish Fri Sep  8 22:06:20 2023
imb F  7% step 94700, will finish Fri Sep  8 21:53:47 2023
imb F  9% step 94800, will finish Fri Sep  8 21:37:22 2023
imb F  7% step 94900, will finish Fri Sep  8 21:28:44 2023
imb F  9% step 95000, will finish Fri Sep  8 21:18:23 2023
imb F 10% step 95100, will finish Fri Sep  8 21:40:12 2023
imb F  9% step 95200, will finish Fri Sep  8 21:33:32 2023
imb F  7% step 95300, will finish Fri Sep  8 21:21:15 2023
imb F  7% step 95400, will finish Fri Sep  8 21:15:14 2023
imb F  7% step 95500, will finish Fri Sep  8 20:57:45 2023
imb F  8% step 95600, will finish Fri Sep  8 20:39:37 2023
imb F  7% step 95700, will finish Fri Sep  8 20:33:35 2023
imb F  7% step 95800, will finish Fri Sep  8 20:27:36 2023
imb F  7% step 95900, will finish Fri Sep  8 20:11:47 2023
imb F  7% step 96000, will finish Fri Sep  8 21:24:56 2023
imb F  7% step 96100, will finish Fri Sep  8 23:10:17 2023
imb F  6% step 96200, will finish Fri Sep  8 22:54:21 2023
imb F  7% step 96300, will finish Fri Sep  8 22:35:15 2023
imb F  7% step 96400, will finish Fri Sep  8 22:23:15 2023
imb F  8% step 96500, will finish Fri Sep  8 22:08:36 2023
imb F  7% step 96600, will finish Fri Sep  8 22:04:17 2023
imb F  7% step 96700, will finish Fri Sep  8 21:54:46 2023
imb F  7% step 96800, will finish Fri Sep  8 21:41:05 2023
imb F  7% step 96900, will finish Fri Sep  8 21:30:15 2023
imb F  6% step 97000, will finish Fri Sep  8 21:19:50 2023
imb F  7% step 97100, will finish Fri Sep  8 21:20:11 2023
imb F  8% step 97200, will finish Fri Sep  8 21:03:30 2023
imb F  7% step 97300, will finish Fri Sep  8 20:50:24 2023
imb F  7% step 97400, will finish Fri Sep  8 20:44:33 2023
imb F  7% step 97500, will finish Fri Sep  8 20:31:22 2023
imb F  6% step 97600, will finish Fri Sep  8 20:26:20 2023
imb F  8% step 97700, will finish Fri Sep  8 20:14:34 2023
imb F  7% step 97800, will finish Fri Sep  8 20:01:00 2023
imb F  7% step 97900, will finish Fri Sep  8 19:45:28 2023
imb F  7% step 98000, will finish Fri Sep  8 19:32:14 2023
imb F  7% step 98100, will finish Fri Sep  8 19:19:47 2023
imb F  6% step 98200, will finish Fri Sep  8 19:44:24 2023
imb F  7% step 98300, will finish Fri Sep  8 19:29:48 2023
imb F  8% step 98400, will finish Fri Sep  8 19:18:25 2023
imb F  8% step 98500, will finish Fri Sep  8 19:14:55 2023
imb F  6% step 98600, will finish Fri Sep  8 19:15:50 2023
imb F  7% step 98700, will finish Fri Sep  8 19:02:06 2023
imb F  8% step 98800, will finish Fri Sep  8 18:51:21 2023
imb F  6% step 98900, will finish Fri Sep  8 18:39:43 2023
imb F  7% step 99000, will finish Fri Sep  8 19:53:12 2023
imb F  8% step 99100, will finish Fri Sep  8 21:43:21 2023
imb F  6% step 99200, will finish Fri Sep  8 21:32:19 2023
imb F  8% step 99300, will finish Fri Sep  8 21:28:13 2023
imb F  7% step 99400, will finish Fri Sep  8 21:25:22 2023
imb F  6% step 99500, will finish Fri Sep  8 21:13:49 2023
imb F  6% step 99600, will finish Fri Sep  8 21:04:58 2023
imb F  9% step 99700, will finish Fri Sep  8 21:07:13 2023
imb F  9% step 99800, will finish Fri Sep  8 20:57:01 2023
imb F  8% step 99900, will finish Fri Sep  8 20:49:07 2023
imb F  7% step 100000, will finish Fri Sep  8 20:37:02 2023
imb F  7% step 100100, will finish Fri Sep  8 20:29:43 2023
imb F  7% step 100200, will finish Fri Sep  8 20:18:29 2023
imb F  7% step 100300, will finish Fri Sep  8 20:06:42 2023
imb F  7% step 100400, will finish Fri Sep  8 19:54:38 2023
imb F  8% step 100500, will finish Fri Sep  8 19:43:45 2023
imb F  8% step 100600, will finish Fri Sep  8 19:35:04 2023
imb F  8% step 100700, will finish Fri Sep  8 19:25:01 2023
imb F  8% step 100800, will finish Fri Sep  8 19:15:56 2023
imb F  8% step 100900, will finish Fri Sep  8 19:06:23 2023
imb F  8% step 101000, will finish Fri Sep  8 18:56:40 2023
imb F  7% step 101100, will finish Fri Sep  8 18:55:07 2023
imb F  7% step 101200, will finish Fri Sep  8 18:43:45 2023
imb F  7% step 101300, will finish Fri Sep  8 18:32:17 2023
imb F  7% step 101400, will finish Fri Sep  8 18:31:32 2023
imb F  8% step 101500, will finish Fri Sep  8 18:20:31 2023
imb F  7% step 101600, will finish Fri Sep  8 18:09:26 2023
imb F  7% step 101700, will finish Fri Sep  8 18:00:30 2023
imb F  8% step 101800, will finish Fri Sep  8 17:50:57 2023
imb F  9% step 101900, will finish Fri Sep  8 17:49:19 2023
imb F  7% step 102000, will finish Fri Sep  8 17:47:59 2023
imb F  9% step 102100, will finish Fri Sep  8 17:41:08 2023
imb F  8% step 102200, will finish Fri Sep  8 17:36:04 2023
imb F  9% step 102300, will finish Fri Sep  8 17:27:58 2023
imb F  9% step 102400, will finish Fri Sep  8 17:19:08 2023
imb F  9% step 102500, will finish Fri Sep  8 17:12:18 2023
imb F  8% step 102600, will finish Fri Sep  8 17:05:52 2023
imb F  7% step 102700, will finish Fri Sep  8 16:55:31 2023
imb F  8% step 102800, will finish Fri Sep  8 16:46:49 2023
imb F  8% step 102900, will finish Fri Sep  8 16:37:20 2023
imb F  8% step 103000, will finish Fri Sep  8 16:30:45 2023
imb F  7% step 103100, will finish Fri Sep  8 16:31:10 2023
imb F  7% step 103200, will finish Fri Sep  8 16:22:28 2023
imb F  7% step 103300, will finish Fri Sep  8 16:20:27 2023
imb F  7% step 103400, will finish Fri Sep  8 16:20:49 2023
imb F  7% step 103500, will finish Fri Sep  8 16:11:44 2023
imb F  7% step 103600, will finish Fri Sep  8 16:06:16 2023
imb F  6% step 103700, will finish Fri Sep  8 15:56:21 2023
imb F  7% step 103800, will finish Fri Sep  8 15:49:55 2023
imb F  8% step 103900, will finish Fri Sep  8 15:42:21 2023
imb F  8% step 104000, will finish Fri Sep  8 16:05:39 2023
imb F  8% step 104100, will finish Fri Sep  8 15:58:50 2023
imb F  7% step 104200, will finish Fri Sep  8 15:49:16 2023
imb F  7% step 104300, will finish Fri Sep  8 15:42:26 2023
imb F  8% step 104400, will finish Fri Sep  8 15:35:53 2023
imb F  8% step 104500, will finish Fri Sep  8 15:30:23 2023
imb F  8% step 104600, will finish Fri Sep  8 15:21:55 2023
imb F  8% step 104700, will finish Fri Sep  8 15:14:23 2023
imb F  7% step 104800, will finish Fri Sep  8 15:07:50 2023
imb F  8% step 104900, will finish Fri Sep  8 15:00:38 2023
imb F  7% step 105000, will finish Fri Sep  8 14:53:35 2023
imb F  7% step 105100, will finish Fri Sep  8 14:53:54 2023
imb F  7% step 105200, will finish Fri Sep  8 14:45:11 2023
imb F  8% step 105300, will finish Fri Sep  8 14:42:19 2023
imb F  7% step 105400, will finish Fri Sep  8 14:55:50 2023
imb F  7% step 105500, will finish Fri Sep  8 14:49:09 2023
imb F  7% step 105600, will finish Fri Sep  8 14:40:40 2023
imb F  7% step 105700, will finish Fri Sep  8 14:35:22 2023
imb F  7% step 105800, will finish Fri Sep  8 14:28:01 2023
imb F  8% step 105900, will finish Fri Sep  8 14:23:33 2023
imb F  7% step 106000, will finish Fri Sep  8 14:18:42 2023
imb F  8% step 106100, will finish Fri Sep  8 14:12:05 2023
imb F  7% step 106200, will finish Fri Sep  8 14:05:14 2023
imb F  7% step 106300, will finish Fri Sep  8 14:00:54 2023
imb F  7% step 106400, will finish Fri Sep  8 13:53:34 2023
imb F  7% step 106500, will finish Fri Sep  8 13:45:09 2023
imb F  7% step 106600, will finish Fri Sep  8 13:39:03 2023
imb F  7% step 106700, will finish Fri Sep  8 13:33:17 2023
imb F  7% step 106800, will finish Fri Sep  8 13:31:36 2023
imb F  7% step 106900, will finish Fri Sep  8 13:21:47 2023
imb F  7% step 107000, will finish Fri Sep  8 13:14:57 2023
imb F  7% step 107100, will finish Fri Sep  8 13:08:21 2023
imb F  8% step 107200, will finish Fri Sep  8 13:08:13 2023
imb F  8% step 107300, will finish Fri Sep  8 13:00:08 2023
imb F  7% step 107400, will finish Fri Sep  8 12:53:04 2023
imb F  7% step 107500, will finish Fri Sep  8 12:53:02 2023
imb F  7% step 107600, will finish Fri Sep  8 12:46:07 2023
imb F  7% step 107700, will finish Fri Sep  8 12:40:03 2023
imb F  8% step 107800, will finish Fri Sep  8 12:34:58 2023
imb F  7% step 107900, will finish Fri Sep  8 12:28:52 2023
imb F  7% step 108000, will finish Fri Sep  8 12:23:18 2023
imb F 24% step 108100, will finish Fri Sep  8 14:10:51 2023
imb F  7% step 108200, will finish Fri Sep  8 14:02:19 2023
imb F  7% step 108300, will finish Fri Sep  8 13:57:50 2023
imb F  7% step 108400, will finish Fri Sep  8 13:52:35 2023
imb F  7% step 108500, will finish Fri Sep  8 13:46:18 2023
imb F  8% step 108600, will finish Fri Sep  8 13:39:16 2023
imb F  8% step 108700, will finish Fri Sep  8 13:33:41 2023
imb F  7% step 108800, will finish Fri Sep  8 13:26:45 2023
imb F  8% step 108900, will finish Fri Sep  8 13:20:47 2023
imb F  8% step 109000, will finish Fri Sep  8 13:13:20 2023
imb F  7% step 109100, will finish Fri Sep  8 13:04:50 2023
imb F  9% step 109200, will finish Fri Sep  8 13:05:30 2023
imb F  7% step 109300, will finish Fri Sep  8 12:57:23 2023
imb F  8% step 109400, will finish Fri Sep  8 12:58:49 2023
imb F  7% step 109500, will finish Fri Sep  8 12:57:05 2023
imb F  7% step 109600, will finish Fri Sep  8 12:49:46 2023
imb F  7% step 109700, will finish Fri Sep  8 12:42:25 2023
imb F  8% step 109800, will finish Fri Sep  8 12:35:17 2023
imb F  8% step 109900, will finish Fri Sep  8 12:28:49 2023
imb F  8% step 110000, will finish Fri Sep  8 12:24:27 2023
imb F  7% step 110100, will finish Fri Sep  8 12:17:33 2023
imb F  6% step 110200, will finish Fri Sep  8 12:08:50 2023
imb F  8% step 110300, will finish Fri Sep  8 12:28:57 2023
imb F  7% step 110400, will finish Fri Sep  8 12:22:33 2023
imb F  7% step 110500, will finish Fri Sep  8 12:17:14 2023
imb F  8% step 110600, will finish Fri Sep  8 12:09:44 2023
imb F  7% step 110700, will finish Fri Sep  8 12:08:19 2023
imb F  7% step 110800, will finish Fri Sep  8 12:02:35 2023
imb F  7% step 110900, will finish Fri Sep  8 11:55:27 2023
imb F  7% step 111000, will finish Fri Sep  8 11:48:50 2023
imb F 160% step 111100, will finish Fri Sep  8 14:30:19 2023
imb F  7% step 111200, will finish Fri Sep  8 14:35:37 2023
imb F  7% step 111300, will finish Fri Sep  8 14:28:26 2023
imb F  7% step 111400, will finish Fri Sep  8 14:25:55 2023
imb F  7% step 111500, will finish Fri Sep  8 14:31:57 2023
imb F  8% step 111600, will finish Fri Sep  8 14:40:23 2023
imb F  7% step 111700, will finish Fri Sep  8 14:31:30 2023
imb F  7% step 111800, will finish Fri Sep  8 14:23:42 2023
imb F  7% step 111900, will finish Fri Sep  8 14:14:42 2023
imb F  8% step 112000, will finish Fri Sep  8 14:39:09 2023
imb F  7% step 112100, will finish Fri Sep  8 14:36:29 2023
imb F  6% step 112200, will finish Fri Sep  8 14:26:14 2023
imb F  7% step 112300, will finish Fri Sep  8 14:17:59 2023
imb F  9% step 112400, will finish Fri Sep  8 14:09:20 2023
imb F  7% step 112500, will finish Fri Sep  8 14:03:08 2023
imb F  8% step 112600, will finish Fri Sep  8 14:01:22 2023
imb F  8% step 112700, will finish Fri Sep  8 13:55:34 2023
imb F  7% step 112800, will finish Fri Sep  8 13:49:00 2023
imb F  7% step 112900, will finish Fri Sep  8 13:41:05 2023
imb F  7% step 113000, will finish Fri Sep  8 13:31:59 2023
imb F  7% step 113100, will finish Fri Sep  8 13:30:00 2023
imb F  8% step 113200, will finish Fri Sep  8 13:23:50 2023
imb F  7% step 113300, will finish Fri Sep  8 13:18:14 2023
imb F  7% step 113400, will finish Fri Sep  8 13:22:16 2023
imb F  8% step 113500, will finish Fri Sep  8 13:13:55 2023
imb F  8% step 113600, will finish Fri Sep  8 13:07:45 2023
imb F  7% step 113700, will finish Fri Sep  8 13:01:58 2023
imb F  8% step 113800, will finish Fri Sep  8 12:54:29 2023
imb F  7% step 113900, will finish Fri Sep  8 12:46:06 2023
imb F  7% step 114000, will finish Fri Sep  8 12:41:33 2023
imb F  7% step 114100, will finish Fri Sep  8 12:35:37 2023
imb F  8% step 114200, will finish Fri Sep  8 12:28:59 2023
imb F  7% step 114300, will finish Fri Sep  8 12:20:54 2023
imb F  7% step 114400, will finish Fri Sep  8 12:15:07 2023
imb F  6% step 114500, will finish Fri Sep  8 12:07:22 2023
imb F  7% step 114600, will finish Fri Sep  8 11:59:39 2023
imb F  7% step 114700, will finish Fri Sep  8 11:53:29 2023
imb F  6% step 114800, will finish Fri Sep  8 11:45:53 2023
imb F  6% step 114900, will finish Fri Sep  8 11:40:10 2023
imb F  7% step 115000, will finish Fri Sep  8 11:34:09 2023
imb F  7% step 115100, will finish Fri Sep  8 11:27:28 2023
imb F  7% step 115200, will finish Fri Sep  8 11:26:55 2023
imb F  8% step 115300, will finish Fri Sep  8 11:18:56 2023
imb F  7% step 115400, will finish Fri Sep  8 11:12:26 2023
imb F  7% step 115500, will finish Fri Sep  8 11:11:06 2023
imb F  7% step 115600, will finish Fri Sep  8 11:04:53 2023
imb F  7% step 115700, will finish Fri Sep  8 10:59:40 2023
imb F  6% step 115800, will finish Fri Sep  8 10:52:41 2023
imb F  7% step 115900, will finish Fri Sep  8 10:46:10 2023
imb F  6% step 116000, will finish Fri Sep  8 10:38:20 2023
imb F  6% step 116100, will finish Fri Sep  8 10:30:43 2023
imb F  7% step 116200, will finish Fri Sep  8 10:21:47 2023
imb F  7% step 116300, will finish Fri Sep  8 10:13:55 2023
imb F  7% step 116400, will finish Fri Sep  8 10:06:02 2023
imb F  7% step 116500, will finish Fri Sep  8 09:58:23 2023
imb F  6% step 116600, will finish Fri Sep  8 09:55:24 2023
imb F  6% step 116700, will finish Fri Sep  8 09:48:05 2023
imb F  7% step 116800, will finish Fri Sep  8 09:40:23 2023
imb F  8% step 116900, will finish Fri Sep  8 09:34:56 2023
imb F  9% step 117000, will finish Fri Sep  8 09:28:31 2023
imb F  8% step 117100, will finish Fri Sep  8 09:22:14 2023
imb F  6% step 117200, will finish Fri Sep  8 09:20:21 2023
imb F  7% step 117300, will finish Fri Sep  8 09:15:03 2023
imb F  7% step 117400, will finish Fri Sep  8 09:10:21 2023
imb F  7% step 117500, will finish Fri Sep  8 09:11:58 2023
imb F  7% step 117600, will finish Fri Sep  8 09:07:41 2023
imb F  6% step 117700, will finish Fri Sep  8 09:03:51 2023
imb F  7% step 117800, will finish Fri Sep  8 08:58:47 2023
imb F  7% step 117900, will finish Fri Sep  8 08:51:54 2023
imb F  7% step 118000, will finish Fri Sep  8 08:44:45 2023
imb F  8% step 118100, will finish Fri Sep  8 08:38:50 2023
imb F  7% step 118200, will finish Fri Sep  8 08:33:20 2023
imb F  7% step 118300, will finish Fri Sep  8 08:28:18 2023
imb F  8% step 118400, will finish Fri Sep  8 08:22:36 2023
imb F  8% step 118500, will finish Fri Sep  8 08:17:10 2023
imb F  9% step 118600, will finish Fri Sep  8 08:11:21 2023
imb F  7% step 118700, will finish Fri Sep  8 08:06:59 2023
imb F  8% step 118800, will finish Fri Sep  8 08:02:00 2023
imb F  8% step 118900, will finish Fri Sep  8 08:00:37 2023
imb F  7% step 119000, will finish Fri Sep  8 07:55:26 2023
imb F  8% step 119100, will finish Fri Sep  8 07:48:33 2023
imb F  7% step 119200, will finish Fri Sep  8 07:42:15 2023
imb F  7% step 119300, will finish Fri Sep  8 07:42:04 2023
imb F  7% step 119400, will finish Fri Sep  8 07:35:49 2023
imb F  7% step 119500, will finish Fri Sep  8 07:28:53 2023
imb F  8% step 119600, will finish Fri Sep  8 07:27:49 2023
imb F  7% step 119700, will finish Fri Sep  8 07:25:41 2023
imb F  7% step 119800, will finish Fri Sep  8 07:19:47 2023
imb F  7% step 119900, will finish Fri Sep  8 07:14:21 2023
imb F  8% step 120000, will finish Fri Sep  8 07:25:46 2023
imb F  6% step 120100, will finish Fri Sep  8 07:19:29 2023
imb F  8% step 120200, will finish Fri Sep  8 08:31:50 2023
imb F  8% step 120300, will finish Fri Sep  8 09:00:19 2023
imb F  8% step 120400, will finish Fri Sep  8 10:05:30 2023
imb F  7% step 120500, will finish Fri Sep  8 09:58:08 2023
imb F  7% step 120600, will finish Fri Sep  8 09:50:31 2023
imb F  8% step 120700, will finish Fri Sep  8 09:43:33 2023
imb F  7% step 120800, will finish Fri Sep  8 09:37:38 2023
imb F  8% step 120900, will finish Fri Sep  8 09:34:27 2023
imb F  8% step 121000, will finish Fri Sep  8 09:31:31 2023
imb F  8% step 121100, will finish Fri Sep  8 09:25:35 2023
imb F  7% step 121200, will finish Fri Sep  8 09:24:28 2023
imb F  7% step 121300, will finish Fri Sep  8 09:19:44 2023
imb F  9% step 121400, will finish Fri Sep  8 09:18:32 2023
imb F  9% step 121500, will finish Fri Sep  8 09:20:38 2023
imb F  7% step 121600, will finish Fri Sep  8 09:16:35 2023
imb F  7% step 121700, will finish Fri Sep  8 09:10:01 2023
imb F  7% step 121800, will finish Fri Sep  8 09:03:55 2023
imb F  7% step 121900, will finish Fri Sep  8 08:57:32 2023
imb F  8% step 122000, will finish Fri Sep  8 08:56:50 2023
imb F  7% step 122100, will finish Fri Sep  8 08:52:27 2023
imb F  7% step 122200, will finish Fri Sep  8 08:45:38 2023
imb F  7% step 122300, will finish Fri Sep  8 08:57:24 2023
imb F  7% step 122400, will finish Fri Sep  8 08:50:41 2023
imb F  7% step 122500, will finish Fri Sep  8 08:44:18 2023
imb F  8% step 122600, will finish Fri Sep  8 08:38:40 2023
imb F  8% step 122700, will finish Fri Sep  8 08:33:49 2023
imb F  8% step 122800, will finish Fri Sep  8 08:27:27 2023
imb F  8% step 122900, will finish Fri Sep  8 08:21:17 2023
imb F  8% step 123000, will finish Fri Sep  8 08:16:11 2023
imb F  8% step 123100, will finish Fri Sep  8 08:13:13 2023
imb F  8% step 123200, will finish Fri Sep  8 08:45:31 2023
imb F  7% step 123300, will finish Fri Sep  8 10:37:34 2023
imb F  8% step 123400, will finish Fri Sep  8 10:33:14 2023
imb F  8% step 123500, will finish Fri Sep  8 10:32:02 2023
imb F  7% step 123600, will finish Fri Sep  8 10:26:06 2023
imb F  7% step 123700, will finish Fri Sep  8 10:20:29 2023
imb F  8% step 123800, will finish Fri Sep  8 10:15:24 2023
imb F  7% step 123900, will finish Fri Sep  8 10:09:16 2023
imb F  9% step 124000, will finish Fri Sep  8 10:03:17 2023
imb F  8% step 124100, will finish Fri Sep  8 09:58:05 2023
imb F  8% step 124200, will finish Fri Sep  8 09:51:43 2023
imb F  7% step 124300, will finish Fri Sep  8 09:45:04 2023
imb F  7% step 124400, will finish Fri Sep  8 09:39:57 2023
imb F  8% step 124500, will finish Fri Sep  8 09:38:55 2023
imb F  7% step 124600, will finish Fri Sep  8 09:33:32 2023
imb F  8% step 124700, will finish Fri Sep  8 09:27:56 2023
imb F  8% step 124800, will finish Fri Sep  8 09:22:41 2023
imb F  8% step 124900, will finish Fri Sep  8 09:17:53 2023
imb F  8% step 125000, will finish Fri Sep  8 09:13:58 2023
imb F  8% step 125100, will finish Fri Sep  8 09:09:23 2023
imb F  8% step 125200, will finish Fri Sep  8 09:08:54 2023
imb F  9% step 125300, will finish Fri Sep  8 09:03:01 2023
imb F  8% step 125400, will finish Fri Sep  8 08:58:39 2023
imb F  8% step 125500, will finish Fri Sep  8 08:58:52 2023
imb F  8% step 125600, will finish Fri Sep  8 08:53:03 2023
imb F  8% step 125700, will finish Fri Sep  8 08:47:42 2023
imb F  8% step 125800, will finish Fri Sep  8 08:42:57 2023
imb F  8% step 125900, will finish Fri Sep  8 08:37:32 2023
imb F  7% step 126000, will finish Fri Sep  8 08:33:02 2023
imb F  7% step 126100, will finish Fri Sep  8 08:29:13 2023
imb F  8% step 126200, will finish Fri Sep  8 08:25:03 2023

step 126260 Turning on dynamic load balancing, because the performance loss due to load imbalance is 2.0 %.

vol 0.93  imb F  2% step 126300, will finish Fri Sep  8 08:24:02 2023
vol 0.91  imb F  1% step 126400, will finish Fri Sep  8 08:18:59 2023

step 126460 Turning off dynamic load balancing, because it is degrading performance.

imb F  7% step 126500, will finish Fri Sep  8 08:36:14 2023
imb F  8% step 126600, will finish Fri Sep  8 08:30:46 2023
imb F  7% step 126700, will finish Fri Sep  8 08:25:20 2023
imb F  7% step 126800, will finish Fri Sep  8 08:23:07 2023
imb F  8% step 126900, will finish Fri Sep  8 08:19:49 2023
imb F  8% step 127000, will finish Fri Sep  8 08:15:33 2023
imb F  8% step 127100, will finish Fri Sep  8 08:11:15 2023
imb F  7% step 127200, will finish Fri Sep  8 08:05:58 2023
imb F  8% step 127300, will finish Fri Sep  8 08:06:24 2023
imb F  8% step 127400, will finish Fri Sep  8 08:03:00 2023
imb F  8% step 127500, will finish Fri Sep  8 07:58:12 2023
imb F  8% step 127600, will finish Fri Sep  8 07:56:56 2023
imb F  7% step 127700, will finish Fri Sep  8 07:52:05 2023
imb F  8% step 127800, will finish Fri Sep  8 07:46:35 2023
imb F  7% step 127900, will finish Fri Sep  8 07:41:37 2023
imb F  8% step 128000, will finish Fri Sep  8 07:50:52 2023
imb F  9% step 128100, will finish Fri Sep  8 07:46:05 2023
imb F  8% step 128200, will finish Fri Sep  8 07:41:49 2023

step 128260 Turning on dynamic load balancing, because the performance loss due to load imbalance is 2.0 %.

vol 0.93  imb F  2% step 128300, will finish Fri Sep  8 07:41:07 2023
vol 0.90  imb F  1% step 128400, will finish Fri Sep  8 07:37:00 2023

step 128460 Turning off dynamic load balancing, because it is degrading performance.

imb F  8% step 128500, will finish Fri Sep  8 07:49:48 2023
imb F  8% step 128600, will finish Fri Sep  8 07:45:16 2023
imb F  7% step 128700, will finish Fri Sep  8 07:39:46 2023
imb F  8% step 128800, will finish Fri Sep  8 07:34:15 2023
imb F  7% step 128900, will finish Fri Sep  8 07:29:03 2023
imb F  8% step 129000, will finish Fri Sep  8 07:23:48 2023
imb F  8% step 129100, will finish Fri Sep  8 07:19:15 2023
imb F  7% step 129200, will finish Fri Sep  8 07:13:56 2023

step 129260 Will no longer try dynamic load balancing, as it degraded performance.

imb F  9% step 129300, will finish Fri Sep  8 07:14:55 2023
imb F  8% step 129400, will finish Fri Sep  8 07:09:50 2023
imb F  8% step 129500, will finish Fri Sep  8 07:04:27 2023
imb F  7% step 129600, will finish Fri Sep  8 07:04:18 2023
imb F  8% step 129700, will finish Fri Sep  8 06:59:13 2023
imb F  8% step 129800, will finish Fri Sep  8 06:54:15 2023
imb F  7% step 129900, will finish Fri Sep  8 06:48:56 2023
imb F  8% step 130000, will finish Fri Sep  8 06:43:34 2023
imb F  8% step 130100, will finish Fri Sep  8 06:38:52 2023
imb F  7% step 130200, will finish Fri Sep  8 06:36:07 2023
imb F  7% step 130300, will finish Fri Sep  8 06:34:13 2023
imb F  7% step 130400, will finish Fri Sep  8 06:28:30 2023
imb F  8% step 130500, will finish Fri Sep  8 06:25:47 2023
imb F  8% step 130600, will finish Fri Sep  8 06:22:13 2023
imb F  8% step 130700, will finish Fri Sep  8 06:18:22 2023
imb F  8% step 130800, will finish Fri Sep  8 06:13:49 2023
imb F  7% step 130900, will finish Fri Sep  8 06:10:26 2023
imb F  8% step 131000, will finish Fri Sep  8 06:05:41 2023
imb F  8% step 131100, will finish Fri Sep  8 06:01:08 2023
imb F  9% step 131200, will finish Fri Sep  8 05:58:14 2023
imb F  8% step 131300, will finish Fri Sep  8 05:53:50 2023
imb F  8% step 131400, will finish Fri Sep  8 05:53:30 2023
imb F  8% step 131500, will finish Fri Sep  8 05:48:43 2023
imb F  6% step 131600, will finish Fri Sep  8 05:47:40 2023
imb F  7% step 131700, will finish Fri Sep  8 05:43:08 2023
imb F  7% step 131800, will finish Fri Sep  8 05:39:05 2023
imb F  8% step 131900, will finish Fri Sep  8 05:35:13 2023
imb F  8% step 132000, will finish Fri Sep  8 05:31:35 2023
imb F  7% step 132100, will finish Fri Sep  8 05:26:45 2023
imb F  7% step 132200, will finish Fri Sep  8 05:23:11 2023
imb F  8% step 132300, will finish Fri Sep  8 06:20:35 2023
imb F  8% step 132400, will finish Fri Sep  8 06:15:49 2023
imb F  7% step 132500, will finish Fri Sep  8 06:11:02 2023
imb F  8% step 132600, will finish Fri Sep  8 06:07:15 2023
imb F  8% step 132700, will finish Fri Sep  8 06:03:39 2023
imb F  7% step 132800, will finish Fri Sep  8 05:59:06 2023
imb F  8% step 132900, will finish Fri Sep  8 05:59:03 2023
imb F  7% step 133000, will finish Fri Sep  8 05:53:21 2023
imb F  7% step 133100, will finish Fri Sep  8 05:50:54 2023
imb F  7% step 133200, will finish Fri Sep  8 05:46:34 2023
imb F  7% step 133300, will finish Fri Sep  8 05:43:09 2023
imb F  9% step 133400, will finish Fri Sep  8 05:43:40 2023
imb F  7% step 133500, will finish Fri Sep  8 05:40:07 2023
imb F  7% step 133600, will finish Fri Sep  8 05:38:11 2023
imb F  8% step 133700, will finish Fri Sep  8 05:36:56 2023
imb F  8% step 133800, will finish Fri Sep  8 05:40:11 2023
imb F  7% step 133900, will finish Fri Sep  8 05:37:51 2023
imb F  7% step 134000, will finish Fri Sep  8 05:33:09 2023
imb F  7% step 134100, will finish Fri Sep  8 05:28:04 2023
imb F  7% step 134200, will finish Fri Sep  8 05:24:07 2023
imb F  8% step 134300, will finish Fri Sep  8 05:19:08 2023
imb F 120% step 134400, will finish Fri Sep  8 05:30:12 2023
imb F  7% step 134500, will finish Fri Sep  8 05:24:41 2023
imb F  7% step 134600, will finish Fri Sep  8 05:19:58 2023
imb F  7% step 134700, will finish Fri Sep  8 05:17:06 2023
imb F  6% step 134800, will finish Fri Sep  8 05:11:58 2023
imb F  7% step 134900, will finish Fri Sep  8 05:09:08 2023
imb F  7% step 135000, will finish Fri Sep  8 05:04:07 2023
imb F  7% step 135100, will finish Fri Sep  8 04:58:48 2023
imb F  7% step 135200, will finish Fri Sep  8 04:54:59 2023
imb F 33% step 135300, will finish Fri Sep  8 06:05:49 2023
imb F  7% step 135400, will finish Fri Sep  8 06:03:32 2023
imb F  8% step 135500, will finish Fri Sep  8 05:58:42 2023
imb F  6% step 135600, will finish Fri Sep  8 05:58:48 2023
imb F  7% step 135700, will finish Fri Sep  8 05:54:11 2023
imb F  7% step 135800, will finish Fri Sep  8 05:49:10 2023
imb F  7% step 135900, will finish Fri Sep  8 05:44:06 2023
imb F  7% step 136000, will finish Fri Sep  8 05:51:35 2023
imb F  7% step 136100, will finish Fri Sep  8 05:46:59 2023
imb F  7% step 136200, will finish Fri Sep  8 05:42:13 2023
imb F  7% step 136300, will finish Fri Sep  8 05:37:26 2023
imb F  8% step 136400, will finish Fri Sep  8 05:32:43 2023
imb F  9% step 136500, will finish Fri Sep  8 05:28:42 2023
imb F  8% step 136600, will finish Fri Sep  8 05:24:46 2023
imb F  8% step 136700, will finish Fri Sep  8 05:20:40 2023
imb F  9% step 136800, will finish Fri Sep  8 05:18:18 2023
imb F  8% step 136900, will finish Fri Sep  8 05:14:33 2023
imb F  8% step 137000, will finish Fri Sep  8 05:11:20 2023
imb F  7% step 137100, will finish Fri Sep  8 05:06:52 2023
imb F  7% step 137200, will finish Fri Sep  8 05:02:31 2023
imb F  7% step 137300, will finish Fri Sep  8 04:57:40 2023
imb F  8% step 137400, will finish Fri Sep  8 04:57:01 2023
imb F  8% step 137500, will finish Fri Sep  8 04:53:23 2023
imb F  8% step 137600, will finish Fri Sep  8 04:49:21 2023
imb F  9% step 137700, will finish Fri Sep  8 04:50:24 2023
imb F  8% step 137800, will finish Fri Sep  8 04:46:46 2023
imb F  8% step 137900, will finish Fri Sep  8 04:42:36 2023
imb F  7% step 138000, will finish Fri Sep  8 04:38:28 2023
imb F  7% step 138100, will finish Fri Sep  8 04:33:36 2023
imb F  7% step 138200, will finish Fri Sep  8 04:29:16 2023
imb F  7% step 138300, will finish Fri Sep  8 04:27:08 2023
imb F  6% step 138400, will finish Fri Sep  8 04:22:35 2023
imb F  8% step 138500, will finish Fri Sep  8 04:18:07 2023
imb F  8% step 138600, will finish Fri Sep  8 04:15:16 2023
imb F  7% step 138700, will finish Fri Sep  8 04:13:10 2023
imb F  8% step 138800, will finish Fri Sep  8 04:09:41 2023
imb F  7% step 138900, will finish Fri Sep  8 04:06:44 2023
imb F  8% step 139000, will finish Fri Sep  8 04:02:28 2023
imb F  7% step 139100, will finish Fri Sep  8 03:58:10 2023
imb F  7% step 139200, will finish Fri Sep  8 03:53:34 2023
imb F  7% step 139300, will finish Fri Sep  8 03:49:48 2023
imb F  7% step 139400, will finish Fri Sep  8 03:45:20 2023
imb F  7% step 139500, will finish Fri Sep  8 03:44:26 2023
imb F  8% step 139600, will finish Fri Sep  8 03:40:19 2023
imb F  9% step 139700, will finish Fri Sep  8 03:37:22 2023
imb F  8% step 139800, will finish Fri Sep  8 03:36:56 2023
imb F  8% step 139900, will finish Fri Sep  8 03:33:03 2023
imb F  8% step 140000, will finish Fri Sep  8 03:29:39 2023
imb F  8% step 140100, will finish Fri Sep  8 03:25:48 2023
imb F  8% step 140200, will finish Fri Sep  8 03:21:54 2023
imb F  7% step 140300, will finish Fri Sep  8 03:18:04 2023
imb F  7% step 140400, will finish Fri Sep  8 03:14:30 2023
imb F  8% step 140500, will finish Fri Sep  8 03:10:33 2023
imb F  8% step 140600, will finish Fri Sep  8 03:06:57 2023
imb F  8% step 140700, will finish Fri Sep  8 03:03:20 2023
imb F  8% step 140800, will finish Fri Sep  8 03:00:15 2023
imb F  8% step 140900, will finish Fri Sep  8 02:57:02 2023
imb F  9% step 141000, will finish Fri Sep  8 02:53:34 2023
imb F  8% step 141100, will finish Fri Sep  8 02:50:02 2023
imb F  7% step 141200, will finish Fri Sep  8 02:45:47 2023
imb F  8% step 141300, will finish Fri Sep  8 02:41:39 2023
imb F  8% step 141400, will finish Fri Sep  8 02:38:18 2023
imb F  8% step 141500, will finish Fri Sep  8 02:45:38 2023
imb F  7% step 141600, will finish Fri Sep  8 02:42:27 2023
imb F  7% step 141700, will finish Fri Sep  8 02:39:10 2023
imb F  7% step 141800, will finish Fri Sep  8 02:39:39 2023
imb F  7% step 141900, will finish Fri Sep  8 02:35:54 2023
imb F  8% step 142000, will finish Fri Sep  8 02:32:06 2023
imb F  8% step 142100, will finish Fri Sep  8 02:29:17 2023
imb F  8% step 142200, will finish Fri Sep  8 02:25:44 2023
imb F  7% step 142300, will finish Fri Sep  8 02:22:15 2023
imb F  8% step 142400, will finish Fri Sep  8 02:20:15 2023
imb F  8% step 142500, will finish Fri Sep  8 02:16:43 2023
imb F  8% step 142600, will finish Fri Sep  8 02:12:56 2023
imb F  8% step 142700, will finish Fri Sep  8 02:10:22 2023
imb F  8% step 142800, will finish Fri Sep  8 02:07:15 2023
imb F  9% step 142900, will finish Fri Sep  8 02:05:32 2023
imb F  7% step 143000, will finish Fri Sep  8 02:01:51 2023
imb F  7% step 143100, will finish Fri Sep  8 01:59:13 2023
imb F  8% step 143200, will finish Fri Sep  8 01:56:39 2023
imb F  7% step 143300, will finish Fri Sep  8 01:54:27 2023
imb F  9% step 143400, will finish Fri Sep  8 01:51:45 2023
imb F  8% step 143500, will finish Fri Sep  8 01:48:44 2023
imb F  8% step 143600, will finish Fri Sep  8 01:48:53 2023
imb F  8% step 143700, will finish Fri Sep  8 01:46:09 2023
imb F  7% step 143800, will finish Fri Sep  8 01:43:01 2023
imb F  8% step 143900, will finish Fri Sep  8 01:42:53 2023
imb F  8% step 144000, will finish Fri Sep  8 01:50:34 2023
imb F  7% step 144100, will finish Fri Sep  8 01:47:17 2023
imb F  8% step 144200, will finish Fri Sep  8 01:43:37 2023
imb F  8% step 144300, will finish Fri Sep  8 01:39:52 2023
imb F  8% step 144400, will finish Fri Sep  8 01:36:15 2023
imb F  7% step 144500, will finish Fri Sep  8 02:30:18 2023
imb F  7% step 144600, will finish Fri Sep  8 02:27:00 2023
imb F  9% step 144700, will finish Fri Sep  8 02:24:30 2023
imb F  8% step 144800, will finish Fri Sep  8 02:22:14 2023
imb F  8% step 144900, will finish Fri Sep  8 02:20:13 2023
imb F  8% step 145000, will finish Fri Sep  8 02:18:07 2023
imb F  8% step 145100, will finish Fri Sep  8 02:16:07 2023
imb F  9% step 145200, will finish Fri Sep  8 02:13:13 2023
imb F  8% step 145300, will finish Fri Sep  8 02:10:53 2023
imb F  8% step 145400, will finish Fri Sep  8 02:07:16 2023
imb F  8% step 145500, will finish Fri Sep  8 02:03:28 2023
imb F  7% step 145600, will finish Fri Sep  8 02:02:56 2023
imb F  7% step 145700, will finish Fri Sep  8 01:58:53 2023
imb F  7% step 145800, will finish Fri Sep  8 01:56:23 2023
imb F  8% step 145900, will finish Fri Sep  8 01:55:27 2023
imb F  8% step 146000, will finish Fri Sep  8 01:52:04 2023
imb F  8% step 146100, will finish Fri Sep  8 01:48:46 2023
imb F  7% step 146200, will finish Fri Sep  8 01:45:08 2023
imb F  9% step 146300, will finish Fri Sep  8 01:43:11 2023
imb F  8% step 146400, will finish Fri Sep  8 01:43:46 2023
imb F  6% step 146500, will finish Fri Sep  8 01:40:15 2023
imb F  8% step 146600, will finish Fri Sep  8 01:48:41 2023
imb F  7% step 146700, will finish Fri Sep  8 01:44:27 2023
imb F  8% step 146800, will finish Fri Sep  8 01:40:54 2023
imb F  7% step 146900, will finish Fri Sep  8 01:38:03 2023
imb F  7% step 147000, will finish Fri Sep  8 01:34:36 2023
imb F  7% step 147100, will finish Fri Sep  8 01:30:56 2023
imb F  8% step 147200, will finish Fri Sep  8 01:27:35 2023
imb F  7% step 147300, will finish Fri Sep  8 01:24:15 2023
imb F  7% step 147400, will finish Fri Sep  8 01:20:50 2023
imb F  7% step 147500, will finish Fri Sep  8 02:15:14 2023
imb F  7% step 147600, will finish Fri Sep  8 02:15:59 2023
imb F  7% step 147700, will finish Fri Sep  8 02:12:22 2023
imb F  8% step 147800, will finish Fri Sep  8 02:11:43 2023
imb F  8% step 147900, will finish Fri Sep  8 02:11:05 2023
imb F  8% step 148000, will finish Fri Sep  8 02:07:47 2023
imb F  7% step 148100, will finish Fri Sep  8 02:03:57 2023
imb F  8% step 148200, will finish Fri Sep  8 02:00:05 2023
imb F  8% step 148300, will finish Fri Sep  8 01:56:15 2023
imb F  7% step 148400, will finish Fri Sep  8 01:52:43 2023
imb F  6% step 148500, will finish Fri Sep  8 01:48:45 2023
imb F  7% step 148600, will finish Fri Sep  8 01:45:20 2023
imb F  8% step 148700, will finish Fri Sep  8 01:41:36 2023
imb F  7% step 148800, will finish Fri Sep  8 01:38:43 2023
imb F  7% step 148900, will finish Fri Sep  8 01:37:02 2023
imb F  7% step 149000, will finish Fri Sep  8 01:34:19 2023
imb F  8% step 149100, will finish Fri Sep  8 01:30:32 2023
imb F  8% step 149200, will finish Fri Sep  8 01:27:29 2023
imb F  7% step 149300, will finish Fri Sep  8 01:24:02 2023
imb F  6% step 149400, will finish Fri Sep  8 01:20:23 2023
imb F  8% step 149500, will finish Fri Sep  8 01:16:56 2023
imb F  8% step 149600, will finish Fri Sep  8 01:16:58 2023
imb F  8% step 149700, will finish Fri Sep  8 01:13:33 2023
slurmstepd: error: *** STEP 29829178.1 ON halc002 CANCELLED AT 2023-07-12T09:02:35 ***
slurmstepd: error: *** JOB 29829178 ON halc002 CANCELLED AT 2023-07-12T09:02:35 ***


Received the TERM signal, stopping within 10 steps



Received the TERM signal, stopping within 10 steps



Received the TERM signal, stopping within 10 steps



Received the TERM signal, stopping within 10 steps



Received the TERM signal, stopping within 10 steps



Received the TERM signal, stopping within 10 steps



Received the TERM signal, stopping within 10 steps



Received the TERM signal, stopping within 10 steps



Received the TERM signal, stopping within 10 steps



Received the TERM signal, stopping within 10 steps



Received the TERM signal, stopping within 10 steps



Received the TERM signal, stopping within 10 steps



Received the TERM signal, stopping within 10 steps



Received the TERM signal, stopping within 10 steps



Received the TERM signal, stopping within 10 steps



Received the TERM signal, stopping within 10 steps



Received the TERM signal, stopping within 10 steps



Received the TERM signal, stopping within 10 steps



Received the TERM signal, stopping within 10 steps



Received the TERM signal, stopping within 10 steps



Received the TERM signal, stopping within 10 steps



Received the TERM signal, stopping within 10 steps



Received the TERM signal, stopping within 10 steps



Received the TERM signal, stopping within 10 steps



Received the TERM signal, stopping within 10 steps



Received the TERM signal, stopping within 10 steps



Received the TERM signal, stopping within 10 steps



Received the TERM signal, stopping within 10 steps



Received the TERM signal, stopping within 10 steps



Received the TERM signal, stopping within 10 steps



Received the TERM signal, stopping within 10 steps



Received the TERM signal, stopping within 10 steps



Received the TERM signal, stopping within 10 steps



Received the TERM signal, stopping within 10 steps



Received the TERM signal, stopping within 10 steps



Received the TERM signal, stopping within 10 steps



Received the TERM signal, stopping within 10 steps



Received the TERM signal, stopping within 10 steps



Received the TERM signal, stopping within 10 steps



Received the TERM signal, stopping within 10 steps



Received the TERM signal, stopping within 10 steps



Received the TERM signal, stopping within 10 steps



Received the TERM signal, stopping within 10 steps



Received the TERM signal, stopping within 10 steps



Received the TERM signal, stopping within 10 steps



Received the TERM signal, stopping within 10 steps



Received the TERM signal, stopping within 10 steps



Received the TERM signal, stopping within 10 steps



Received the TERM signal, stopping within 10 steps



Received the TERM signal, stopping within 10 steps



Received the TERM signal, stopping within 10 steps



Received the TERM signal, stopping within 10 steps



Received the TERM signal, stopping within 10 steps



Received the TERM signal, stopping within 10 steps



Received the TERM signal, stopping within 10 steps



Received the TERM signal, stopping within 10 steps



Received the TERM signal, stopping within 10 steps



Received the TERM signal, stopping within 10 steps

srun: Job step aborted: Waiting up to 32 seconds for job step to finish.
