                      :-) GROMACS - gmx grompp, 2016.1 (-:

                            GROMACS is written by:
     Emile Apol      Rossen Apostolov  Herman J.C. Berendsen    Par Bjelkmar   
 Aldert van Buuren   Rudi van Drunen     Anton Feenstra    Gerrit Groenhof  
 Christoph Junghans   Anca Hamuraru    Vincent Hindriksen Dimitrios Karkoulis
    Peter Kasson        Jiri Kraus      Carsten Kutzner      Per Larsson    
  Justin A. Lemkul   Magnus Lundborg   Pieter Meulenhoff    Erik Marklund   
   Teemu Murtola       Szilard Pall       Sander Pronk      Roland Schulz   
  Alexey Shvetsov     Michael Shirts     Alfons Sijbers     Peter Tieleman  
  Teemu Virolainen  Christian Wennberg    Maarten Wolf   
                           and the project leaders:
        Mark Abraham, Berk Hess, Erik Lindahl, and David van der Spoel

Copyright (c) 1991-2000, University of Groningen, The Netherlands.
Copyright (c) 2001-2015, The GROMACS development team at
Uppsala University, Stockholm University and
the Royal Institute of Technology, Sweden.
check out http://www.gromacs.org for more information.

GROMACS is free software; you can redistribute it and/or modify it
under the terms of the GNU Lesser General Public License
as published by the Free Software Foundation; either version 2.1
of the License, or (at your option) any later version.

GROMACS:      gmx grompp, version 2016.1
Executable:   /opt/sw/packages/intel-17.0.1/mvapich2-2.2/gromacs/2016.1/bin/gmx_mpi
Data prefix:  /opt/sw/packages/intel-17.0.1/mvapich2-2.2/gromacs/2016.1
Working dir:  /scratch/jje63/heat_lig_multinano/Common_Nanoparticle/Dodecanthiol
Command line:
  gmx_mpi grompp -f md_i.mdp -c em.gro -p insane.top -o md -maxwarn 10

Replacing old mdp entry 'unconstrained_start' by 'continuation'
Replacing old mdp entry 'nstxtcout' by 'nstxout-compressed'
Replacing old mdp entry 'xtc_precision' by 'compressed-x-precision'

Back Off! I just backed up mdout.mdp to ./#mdout.mdp.1#

NOTE 1 [file md_i.mdp]:
  The group cutoff scheme is deprecated since GROMACS 5.0 and will be
  removed in a future release when all interaction forms are supported for
  the verlet scheme. The verlet scheme already scales better, and it is
  compatible with GPUs and other accelerators.


NOTE 2 [file md_i.mdp]:
  The switch/shift interaction settings are just for compatibility; you
  will get better performance from applying potential modifiers to your
  interactions!



NOTE 3 [file md_i.mdp]:
  For energy conservation with switch/shift potentials, rlist should be 0.1
  to 0.3 nm larger than rcoulomb.


NOTE 4 [file md_i.mdp]:
  For energy conservation with switch/shift potentials, rlist should be 0.1
  to 0.3 nm larger than rvdw.

Setting the LD random seed to 322738525
Generated 1 of the 820 non-bonded parameter combinations
Excluding 1 bonded neighbours molecule type 'AU'
Excluding 1 bonded neighbours molecule type 'POPC'
Excluding 1 bonded neighbours molecule type 'POPC'
Excluding 1 bonded neighbours molecule type 'W'
Excluding 1 bonded neighbours molecule type 'NA+'
Excluding 1 bonded neighbours molecule type 'CL-'
Setting gen_seed to -1695419767
Velocities were taken from a Maxwell distribution at 313 K

Atom 58 'AUL' in moleculetype 'AU' is not bound by a potential or constraint to any other atom in the same moleculetype.

Atom 61 'AUL' in moleculetype 'AU' is not bound by a potential or constraint to any other atom in the same moleculetype.

Atom 64 'AUL' in moleculetype 'AU' is not bound by a potential or constraint to any other atom in the same moleculetype.

Atom 67 'AUL' in moleculetype 'AU' is not bound by a potential or constraint to any other atom in the same moleculetype.

Atom 70 'AUL' in moleculetype 'AU' is not bound by a potential or constraint to any other atom in the same moleculetype.

Atom 73 'AUL' in moleculetype 'AU' is not bound by a potential or constraint to any other atom in the same moleculetype.

Atom 76 'AUL' in moleculetype 'AU' is not bound by a potential or constraint to any other atom in the same moleculetype.

Atom 79 'AUL' in moleculetype 'AU' is not bound by a potential or constraint to any other atom in the same moleculetype.

Atom 82 'AUL' in moleculetype 'AU' is not bound by a potential or constraint to any other atom in the same moleculetype.

Atom 85 'AUL' in moleculetype 'AU' is not bound by a potential or constraint to any other atom in the same moleculetype.

Atom 88 'AUL' in moleculetype 'AU' is not bound by a potential or constraint to any other atom in the same moleculetype.

Atom 91 'AUL' in moleculetype 'AU' is not bound by a potential or constraint to any other atom in the same moleculetype.

Atom 94 'AUL' in moleculetype 'AU' is not bound by a potential or constraint to any other atom in the same moleculetype.

Atom 97 'AUL' in moleculetype 'AU' is not bound by a potential or constraint to any other atom in the same moleculetype.

Atom 100 'AUL' in moleculetype 'AU' is not bound by a potential or constraint to any other atom in the same moleculetype.

Atom 103 'AUL' in moleculetype 'AU' is not bound by a potential or constraint to any other atom in the same moleculetype.

Atom 106 'AUL' in moleculetype 'AU' is not bound by a potential or constraint to any other atom in the same moleculetype.

Atom 109 'AUL' in moleculetype 'AU' is not bound by a potential or constraint to any other atom in the same moleculetype.

Atom 112 'AUL' in moleculetype 'AU' is not bound by a potential or constraint to any other atom in the same moleculetype.

Atom 115 'AUL' in moleculetype 'AU' is not bound by a potential or constraint to any other atom in the same moleculetype.

Atom 118 'AUL' in moleculetype 'AU' is not bound by a potential or constraint to any other atom in the same moleculetype.

Atom 121 'AUL' in moleculetype 'AU' is not bound by a potential or constraint to any other atom in the same moleculetype.

Atom 124 'AUL' in moleculetype 'AU' is not bound by a potential or constraint to any other atom in the same moleculetype.

Atom 127 'AUL' in moleculetype 'AU' is not bound by a potential or constraint to any other atom in the same moleculetype.

Atom 130 'AUL' in moleculetype 'AU' is not bound by a potential or constraint to any other atom in the same moleculetype.

Atom 133 'AUL' in moleculetype 'AU' is not bound by a potential or constraint to any other atom in the same moleculetype.

Atom 136 'AUL' in moleculetype 'AU' is not bound by a potential or constraint to any other atom in the same moleculetype.

Atom 139 'AUL' in moleculetype 'AU' is not bound by a potential or constraint to any other atom in the same moleculetype.

Atom 142 'AUL' in moleculetype 'AU' is not bound by a potential or constraint to any other atom in the same moleculetype.

Atom 145 'AUL' in moleculetype 'AU' is not bound by a potential or constraint to any other atom in the same moleculetype.

NOTE 5 [file insane.top, line 19]:
  In moleculetype 'AU' 30 atoms are not bound by a potential or constraint
  to any other atom in the same moleculetype. Although technically this
  might not cause issues in a simulation, this often means that the user
  forgot to add a bond/potential/constraint or put multiple molecules in
  the same moleculetype definition by mistake.

Number of degrees of freedom in T-Coupling group AU is 11549.95
Number of degrees of freedom in T-Coupling group POPC is 223919.09
Number of degrees of freedom in T-Coupling group W is 499555.00
Number of degrees of freedom in T-Coupling group ION is 10997.96

NOTE 6 [file md_i.mdp]:
  This run will generate roughly 118817 Mb of data


There were 6 notes

GROMACS reminds you: "Player Sleeps With the Fishes" (Ein Bekanntes Spiel Von ID Software)

                      :-) GROMACS - gmx mdrun, 2016.1 (-:

                            GROMACS is written by:
     Emile Apol      Rossen Apostolov  Herman J.C. Berendsen    Par Bjelkmar   
 Aldert van Buuren   Rudi van Drunen     Anton Feenstra    Gerrit Groenhof  
 Christoph Junghans   Anca Hamuraru    Vincent Hindriksen Dimitrios Karkoulis
    Peter Kasson        Jiri Kraus      Carsten Kutzner      Per Larsson    
  Justin A. Lemkul   Magnus Lundborg   Pieter Meulenhoff    Erik Marklund   
   Teemu Murtola       Szilard Pall       Sander Pronk      Roland Schulz   
  Alexey Shvetsov     Michael Shirts     Alfons Sijbers     Peter Tieleman  
  Teemu Virolainen  Christian Wennberg    Maarten Wolf   
                           and the project leaders:
        Mark Abraham, Berk Hess, Erik Lindahl, and David van der Spoel

Copyright (c) 1991-2000, University of Groningen, The Netherlands.
Copyright (c) 2001-2015, The GROMACS development team at
Uppsala University, Stockholm University and
the Royal Institute of Technology, Sweden.
check out http://www.gromacs.org for more information.

GROMACS is free software; you can redistribute it and/or modify it
under the terms of the GNU Lesser General Public License
as published by the Free Software Foundation; either version 2.1
of the License, or (at your option) any later version.

GROMACS:      gmx mdrun, version 2016.1
Executable:   /opt/sw/packages/intel-17.0.1/mvapich2-2.2/gromacs/2016.1/bin/gmx_mpi
Data prefix:  /opt/sw/packages/intel-17.0.1/mvapich2-2.2/gromacs/2016.1
Working dir:  /scratch/jje63/heat_lig_multinano/Common_Nanoparticle/Dodecanthiol
Command line:
  gmx_mpi mdrun -ntomp 1 -deffnm md -v -rdd 1.4


Running on 2 nodes with total 64 cores, 64 logical cores
  Cores per node:           32
  Logical cores per node:   32
Hardware detected on host halc002.amarel.rutgers.edu (the node of MPI rank 0):
  CPU info:
    Vendor: Intel
    Brand:  Intel(R) Xeon(R) Gold 6130 CPU @ 2.10GHz
    SIMD instructions most likely to fit this hardware: AVX_512
    SIMD instructions selected at GROMACS compile time: AVX_256

  Hardware topology: Basic

Compiled SIMD instructions: AVX_256, GROMACS could use AVX_512 on this machine, which is better.

Reading file md.tpr, VERSION 2016.1 (single precision)
Using 64 MPI processes


NOTE: This file uses the deprecated 'group' cutoff_scheme. This will be
removed in a future release when 'verlet' supports all interaction forms.


WARNING: This run will generate roughly 118704 Mb of data

starting mdrun 'Protein in INSANE! Membrane UpperLeaflet>POPC=1.0 LowerLeaflet>POPC=1.0'
800000000 steps, 20000000.0 ps.
step 0

step 20 Turning on dynamic load balancing, because the performance loss due to load imbalance is 3.6 %.

vol 0.98  imb F  2% step 100, will finish Wed Aug  9 18:36:22 2023
vol 0.97  imb F  3% step 200, will finish Mon Aug  7 11:12:27 2023
vol 0.95  imb F  4% step 300, will finish Mon Aug  7 05:32:02 2023
vol 0.97  imb F  1% step 400, will finish Sun Aug  6 20:33:41 2023
vol 0.97  imb F  1% step 500, will finish Sun Aug  6 05:46:15 2023
vol 0.97  imb F  2% step 600, will finish Sat Aug  5 20:25:22 2023
vol 0.89  imb F 111% step 700, will finish Sun Aug  6 19:15:31 2023
vol 0.96  imb F  2% 
step 800 Turning off dynamic load balancing, because it is degrading performance.

step 800, will finish Mon Aug  7 02:10:11 2023
imb F  2% step 900, will finish Sun Aug  6 15:45:02 2023
imb F  5% step 1000, will finish Sun Aug  6 11:05:32 2023
imb F  4% step 1100, will finish Sun Aug  6 10:26:13 2023
imb F  4% step 1200, will finish Sun Aug  6 05:11:46 2023
imb F  3% step 1300, will finish Sun Aug  6 00:35:27 2023
imb F  3% step 1400, will finish Sat Aug  5 20:06:13 2023
imb F  4% step 1500, will finish Sat Aug  5 16:29:46 2023
imb F  4% step 1600, will finish Sat Aug  5 14:47:29 2023
imb F  4% step 1700, will finish Sat Aug  5 13:21:59 2023
imb F  2% step 1800, will finish Sat Aug  5 10:58:18 2023
imb F  3% step 1900, will finish Sat Aug  5 08:31:08 2023
imb F  4% step 2000, will finish Sat Aug  5 07:42:01 2023
imb F  5% step 2100, will finish Sat Aug  5 06:49:48 2023
imb F  4% step 2200, will finish Sat Aug  5 06:34:10 2023
imb F  8% step 2300, will finish Sat Aug  5 05:57:58 2023
imb F  5% step 2400, will finish Sat Aug  5 05:20:43 2023
imb F  4% step 2500, will finish Sat Aug  5 03:50:14 2023
imb F  3% step 2600, will finish Sat Aug  5 03:02:23 2023
imb F  4% step 2700, will finish Sat Aug  5 01:52:30 2023
imb F  5% step 2800, will finish Sat Aug  5 00:59:21 2023
imb F  3% step 2900, will finish Sat Aug  5 00:09:13 2023
imb F  4% step 3000, will finish Fri Aug  4 23:06:55 2023
imb F  5% step 3100, will finish Fri Aug  4 22:14:44 2023
imb F  4% step 3200, will finish Fri Aug  4 21:24:00 2023
imb F  5% step 3300, will finish Fri Aug  4 20:36:25 2023
imb F  4% step 3400, will finish Fri Aug  4 20:07:26 2023
imb F  5% step 3500, will finish Fri Aug  4 19:26:45 2023
imb F  4% step 3600, will finish Fri Aug  4 18:42:50 2023
imb F  7% step 3700, will finish Sat Aug  5 00:25:02 2023
imb F  4% step 3800, will finish Sat Aug  5 02:10:23 2023
imb F  4% step 3900, will finish Sat Aug  5 01:43:51 2023
imb F  3% step 4000, will finish Sat Aug  5 01:13:41 2023
imb F  4% step 4100, will finish Sat Aug  5 00:42:15 2023
imb F  4% step 4200, will finish Fri Aug  4 23:54:30 2023
imb F  4% step 4300, will finish Fri Aug  4 23:18:58 2023
imb F  4% step 4400, will finish Fri Aug  4 22:54:11 2023
imb F  5% step 4500, will finish Fri Aug  4 22:26:37 2023
imb F  4% step 4600, will finish Fri Aug  4 22:05:55 2023
imb F  6% step 4700, will finish Fri Aug  4 21:34:24 2023
imb F  4% step 4800, will finish Fri Aug  4 20:59:55 2023
imb F  5% step 4900, will finish Fri Aug  4 20:25:46 2023
imb F  4% step 5000, will finish Fri Aug  4 20:03:21 2023
imb F  3% step 5100, will finish Fri Aug  4 19:40:24 2023
imb F  5% step 5200, will finish Fri Aug  4 19:09:26 2023
imb F  5% step 5300, will finish Fri Aug  4 18:46:42 2023
imb F  5% step 5400, will finish Fri Aug  4 18:17:04 2023
imb F  4% step 5500, will finish Fri Aug  4 17:47:35 2023
imb F  5% step 5600, will finish Fri Aug  4 17:32:12 2023
imb F  4% step 5700, will finish Fri Aug  4 17:33:18 2023
imb F  5% step 5800, will finish Fri Aug  4 17:17:16 2023
imb F  4% step 5900, will finish Fri Aug  4 16:54:09 2023
imb F  4% step 6000, will finish Fri Aug  4 17:09:49 2023
imb F  4% step 6100, will finish Fri Aug  4 16:59:16 2023
imb F  4% step 6200, will finish Fri Aug  4 16:38:12 2023
imb F  4% step 6300, will finish Fri Aug  4 16:23:23 2023
imb F  5% step 6400, will finish Fri Aug  4 16:08:29 2023
imb F  5% step 6500, will finish Fri Aug  4 15:57:08 2023
imb F  3% step 6600, will finish Fri Aug  4 15:46:43 2023
imb F  3% step 6700, will finish Fri Aug  4 15:23:56 2023
imb F  4% step 6800, will finish Fri Aug  4 15:02:49 2023
imb F  4% step 6900, will finish Fri Aug  4 14:45:01 2023
imb F  5% step 7000, will finish Fri Aug  4 14:39:49 2023
imb F  5% step 7100, will finish Fri Aug  4 14:28:08 2023
imb F  4% step 7200, will finish Fri Aug  4 14:10:01 2023
imb F  5% step 7300, will finish Fri Aug  4 13:53:26 2023
imb F  5% step 7400, will finish Fri Aug  4 13:35:48 2023
imb F  5% step 7500, will finish Fri Aug  4 13:22:45 2023
imb F  4% step 7600, will finish Fri Aug  4 13:07:18 2023
imb F  6% step 7700, will finish Fri Aug  4 13:00:40 2023
imb F  5% step 7800, will finish Fri Aug  4 13:13:37 2023
imb F  5% step 7900, will finish Fri Aug  4 13:04:33 2023
imb F  4% step 8000, will finish Fri Aug  4 13:34:17 2023
imb F  5% step 8100, will finish Fri Aug  4 13:27:40 2023
imb F  4% step 8200, will finish Fri Aug  4 13:13:42 2023
imb F  5% step 8300, will finish Fri Aug  4 13:03:44 2023
imb F  5% step 8400, will finish Fri Aug  4 12:59:14 2023
imb F  5% step 8500, will finish Fri Aug  4 12:48:24 2023
imb F  6% step 8600, will finish Fri Aug  4 12:35:34 2023
imb F  6% step 8700, will finish Fri Aug  4 12:32:02 2023
imb F  4% step 8800, will finish Fri Aug  4 12:19:10 2023
imb F  3% step 8900, will finish Fri Aug  4 12:05:26 2023
imb F  5% step 9000, will finish Fri Aug  4 11:58:20 2023
imb F  5% step 9100, will finish Fri Aug  4 11:54:31 2023
imb F  5% step 9200, will finish Fri Aug  4 11:51:06 2023
imb F  5% step 9300, will finish Fri Aug  4 11:42:23 2023
imb F  5% step 9400, will finish Fri Aug  4 11:32:55 2023
imb F  5% step 9500, will finish Fri Aug  4 11:20:54 2023
imb F  6% step 9600, will finish Fri Aug  4 12:15:51 2023
imb F  5% step 9700, will finish Fri Aug  4 12:06:56 2023
imb F  5% step 9800, will finish Fri Aug  4 12:02:46 2023
imb F  4% step 9900, will finish Fri Aug  4 11:50:29 2023
imb F  4% step 10000, will finish Fri Aug  4 11:38:35 2023
imb F  5% step 10100, will finish Fri Aug  4 11:41:17 2023
imb F  4% step 10200, will finish Fri Aug  4 11:32:05 2023
imb F  4% step 10300, will finish Fri Aug  4 11:20:26 2023
imb F  5% step 10400, will finish Fri Aug  4 11:08:44 2023
imb F  4% step 10500, will finish Fri Aug  4 10:58:03 2023
imb F  4% step 10600, will finish Fri Aug  4 10:49:01 2023
imb F  4% step 10700, will finish Fri Aug  4 10:45:26 2023
imb F  5% step 10800, will finish Fri Aug  4 10:45:51 2023
imb F  5% step 10900, will finish Fri Aug  4 10:47:36 2023
imb F  4% step 11000, will finish Fri Aug  4 10:38:05 2023
imb F  5% step 11100, will finish Fri Aug  4 10:27:55 2023
imb F  4% step 11200, will finish Fri Aug  4 10:23:31 2023
imb F  4% step 11300, will finish Fri Aug  4 10:13:57 2023
imb F  4% step 11400, will finish Fri Aug  4 10:05:41 2023
imb F  4% step 11500, will finish Fri Aug  4 09:57:17 2023
imb F  5% step 11600, will finish Fri Aug  4 09:52:08 2023
imb F  5% step 11700, will finish Fri Aug  4 09:48:03 2023
imb F  4% step 11800, will finish Fri Aug  4 09:46:12 2023
imb F  4% step 11900, will finish Fri Aug  4 09:41:37 2023
imb F  5% step 12000, will finish Fri Aug  4 09:34:24 2023
imb F  4% step 12100, will finish Fri Aug  4 09:31:17 2023
imb F  4% step 12200, will finish Fri Aug  4 09:27:01 2023
imb F  4% step 12300, will finish Fri Aug  4 09:18:37 2023
imb F  4% step 12400, will finish Fri Aug  4 09:10:37 2023
imb F  5% step 12500, will finish Fri Aug  4 09:02:10 2023
imb F  5% step 12600, will finish Fri Aug  4 08:54:43 2023
imb F  5% step 12700, will finish Fri Aug  4 08:48:49 2023
imb F  5% step 12800, will finish Fri Aug  4 08:41:41 2023
imb F  4% step 12900, will finish Fri Aug  4 10:30:01 2023
imb F  4% step 13000, will finish Fri Aug  4 10:32:13 2023
imb F  7% step 13100, will finish Fri Aug  4 10:30:47 2023
imb F  5% step 13200, will finish Fri Aug  4 10:27:48 2023
imb F  5% step 13300, will finish Fri Aug  4 10:19:40 2023
imb F  6% step 13400, will finish Fri Aug  4 10:12:58 2023
imb F  7% step 13500, will finish Fri Aug  4 10:07:09 2023
imb F  6% step 13600, will finish Fri Aug  4 10:01:46 2023
imb F  4% step 13700, will finish Fri Aug  4 09:57:28 2023
imb F  5% step 13800, will finish Fri Aug  4 09:57:08 2023
imb F  4% step 13900, will finish Fri Aug  4 09:52:19 2023
imb F  4% step 14000, will finish Fri Aug  4 09:50:45 2023
imb F  5% step 14100, will finish Fri Aug  4 09:44:56 2023
imb F  5% step 14200, will finish Fri Aug  4 09:46:13 2023
imb F  3% step 14300, will finish Fri Aug  4 09:38:26 2023
imb F  6% step 14400, will finish Fri Aug  4 09:30:51 2023
imb F  4% step 14500, will finish Fri Aug  4 09:23:40 2023
imb F  5% step 14600, will finish Fri Aug  4 09:16:57 2023
imb F  5% step 14700, will finish Fri Aug  4 09:09:41 2023
imb F  3% step 14800, will finish Fri Aug  4 09:02:54 2023
imb F  5% step 14900, will finish Fri Aug  4 08:57:11 2023
imb F  5% step 15000, will finish Fri Aug  4 08:52:46 2023
imb F  4% step 15100, will finish Fri Aug  4 08:48:13 2023
imb F  5% step 15200, will finish Fri Aug  4 08:42:11 2023
imb F  5% step 15300, will finish Fri Aug  4 08:37:17 2023
imb F  5% step 15400, will finish Fri Aug  4 08:31:19 2023
imb F  4% step 15500, will finish Fri Aug  4 08:25:40 2023
imb F  4% step 15600, will finish Fri Aug  4 08:20:44 2023
imb F  5% step 15700, will finish Fri Aug  4 08:13:07 2023
imb F  5% step 15800, will finish Fri Aug  4 08:08:40 2023
imb F  4% step 15900, will finish Fri Aug  4 09:41:53 2023
imb F  5% step 16000, will finish Fri Aug  4 09:58:33 2023
imb F  5% step 16100, will finish Fri Aug  4 09:51:41 2023
imb F  5% step 16200, will finish Fri Aug  4 09:51:25 2023
imb F  5% step 16300, will finish Fri Aug  4 09:45:05 2023
imb F  4% step 16400, will finish Fri Aug  4 09:38:31 2023
imb F  5% step 16500, will finish Fri Aug  4 09:32:47 2023
imb F  4% step 16600, will finish Fri Aug  4 09:27:48 2023
imb F  4% step 16700, will finish Fri Aug  4 09:21:53 2023
imb F  5% step 16800, will finish Fri Aug  4 09:16:47 2023
imb F  5% step 16900, will finish Fri Aug  4 09:12:01 2023
imb F  5% step 17000, will finish Fri Aug  4 09:07:39 2023
imb F  5% step 17100, will finish Fri Aug  4 09:02:07 2023
imb F  4% step 17200, will finish Fri Aug  4 08:57:45 2023
imb F  6% step 17300, will finish Fri Aug  4 08:52:53 2023
imb F  5% step 17400, will finish Fri Aug  4 08:50:06 2023
imb F  4% step 17500, will finish Fri Aug  4 08:46:52 2023
imb F  5% step 17600, will finish Fri Aug  4 08:41:38 2023
imb F  4% step 17700, will finish Fri Aug  4 08:38:53 2023
imb F  6% step 17800, will finish Fri Aug  4 08:38:30 2023
imb F  4% step 17900, will finish Fri Aug  4 08:38:33 2023
imb F  4% step 18000, will finish Fri Aug  4 08:34:28 2023
imb F  5% step 18100, will finish Fri Aug  4 08:30:26 2023
imb F  4% step 18200, will finish Fri Aug  4 08:31:08 2023
imb F  4% step 18300, will finish Fri Aug  4 08:26:02 2023
imb F  5% step 18400, will finish Fri Aug  4 08:21:31 2023
imb F  4% step 18500, will finish Fri Aug  4 08:16:33 2023
imb F  4% step 18600, will finish Fri Aug  4 08:10:54 2023
imb F  4% step 18700, will finish Fri Aug  4 08:06:21 2023
imb F  5% step 18800, will finish Fri Aug  4 08:02:17 2023
imb F  4% step 18900, will finish Fri Aug  4 07:57:26 2023
imb F  4% step 19000, will finish Fri Aug  4 07:54:20 2023
imb F  6% step 19100, will finish Fri Aug  4 07:50:38 2023
imb F  6% step 19200, will finish Fri Aug  4 07:48:39 2023
imb F  6% step 19300, will finish Fri Aug  4 07:44:55 2023
imb F  6% step 19400, will finish Fri Aug  4 07:42:20 2023
imb F  4% step 19500, will finish Fri Aug  4 07:39:29 2023
imb F  5% step 19600, will finish Fri Aug  4 07:34:36 2023
imb F  4% step 19700, will finish Fri Aug  4 07:34:17 2023
imb F  6% step 19800, will finish Fri Aug  4 07:30:10 2023
imb F  4% step 19900, will finish Fri Aug  4 07:25:49 2023
imb F  5% 
step 20000 Turning on dynamic load balancing, because the performance loss due to load imbalance is 2.0 %.

step 20000, will finish Fri Aug  4 07:29:17 2023
vol 0.95  imb F  2% step 20100, will finish Fri Aug  4 07:29:34 2023
vol 0.95  imb F  1% 
step 20200 Turning off dynamic load balancing, because it is degrading performance.

step 20200, will finish Fri Aug  4 07:45:29 2023
imb F  5% step 20300, will finish Fri Aug  4 07:44:45 2023
imb F  7% step 20400, will finish Fri Aug  4 07:43:16 2023
imb F  6% step 20500, will finish Fri Aug  4 07:39:54 2023
imb F  6% step 20600, will finish Fri Aug  4 07:35:29 2023
imb F  5% step 20700, will finish Fri Aug  4 07:31:40 2023
imb F  5% step 20800, will finish Fri Aug  4 07:27:36 2023
imb F  4% step 20900, will finish Fri Aug  4 07:23:07 2023
imb F  5% step 21000, will finish Fri Aug  4 07:19:03 2023
imb F  5% step 21100, will finish Fri Aug  4 07:14:40 2023
imb F  5% step 21200, will finish Fri Aug  4 07:10:19 2023
imb F  4% step 21300, will finish Fri Aug  4 07:06:00 2023
imb F  6% step 21400, will finish Fri Aug  4 07:08:35 2023
imb F  5% step 21500, will finish Fri Aug  4 07:04:44 2023
imb F  5% step 21600, will finish Fri Aug  4 07:03:44 2023
imb F  5% step 21700, will finish Fri Aug  4 07:06:44 2023
imb F  5% step 21800, will finish Fri Aug  4 07:33:17 2023
imb F  6% step 21900, will finish Fri Aug  4 07:29:36 2023
imb F  6% step 22000, will finish Fri Aug  4 07:30:14 2023
imb F  6% step 22100, will finish Fri Aug  4 07:26:19 2023
imb F  5% step 22200, will finish Fri Aug  4 07:22:36 2023
imb F  6% step 22300, will finish Fri Aug  4 07:22:33 2023
imb F  4% step 22400, will finish Fri Aug  4 07:19:23 2023
imb F  4% step 22500, will finish Fri Aug  4 07:15:16 2023
imb F  4% step 22600, will finish Fri Aug  4 07:11:23 2023
imb F  5% step 22700, will finish Fri Aug  4 07:07:43 2023
imb F  5% step 22800, will finish Fri Aug  4 07:07:22 2023
imb F  4% step 22900, will finish Fri Aug  4 07:05:19 2023
imb F  4% 
step 23000 Turning on dynamic load balancing, because the performance loss due to load imbalance is 2.0 %.

step 23000, will finish Fri Aug  4 07:05:14 2023
vol 0.94  imb F  1% step 23100, will finish Fri Aug  4 07:05:35 2023
vol 0.94  imb F  1% step 23200, will finish Fri Aug  4 07:05:55 2023
vol 0.94  imb F  2% step 23300, will finish Fri Aug  4 07:04:48 2023
vol 0.93  imb F  1% step 23400, will finish Fri Aug  4 07:03:15 2023
vol 0.94  imb F  1% step 23500, will finish Fri Aug  4 07:01:59 2023
vol 0.95  imb F  1% step 23600, will finish Fri Aug  4 07:00:50 2023
vol 0.94  imb F  1% step 23700, will finish Fri Aug  4 06:59:17 2023
vol 0.94  imb F  2% step 23800, will finish Fri Aug  4 06:58:42 2023
vol 0.94  imb F  1% step 23900, will finish Fri Aug  4 06:56:55 2023
vol 0.94  imb F  1% step 24000, will finish Fri Aug  4 07:18:01 2023
vol 0.95  imb F  2% step 24100, will finish Fri Aug  4 07:15:57 2023
vol 0.94  imb F  1% step 24200, will finish Fri Aug  4 07:14:47 2023
vol 0.93  imb F  1% step 24300, will finish Fri Aug  4 07:16:36 2023
vol 0.94  imb F  1% step 24400, will finish Fri Aug  4 07:14:38 2023
vol 0.95  imb F  1% step 24500, will finish Fri Aug  4 07:12:52 2023
vol 0.93  imb F  4% step 24600, will finish Fri Aug  4 07:12:58 2023
vol 0.94  imb F  2% step 24700, will finish Fri Aug  4 07:12:00 2023
vol 0.94  imb F  1% step 24800, will finish Fri Aug  4 07:10:36 2023
vol 0.95  imb F  1% step 24900, will finish Fri Aug  4 07:08:53 2023
vol 0.92  imb F  3% 
step 25000 Turning off dynamic load balancing, because it is degrading performance.

step 25000, will finish Fri Aug  4 07:48:09 2023
imb F  5% step 25100, will finish Fri Aug  4 08:15:16 2023
imb F  4% step 25200, will finish Fri Aug  4 08:52:41 2023
imb F  5% step 25300, will finish Fri Aug  4 08:49:01 2023
imb F  4% step 25400, will finish Fri Aug  4 08:45:12 2023
imb F  5% step 25500, will finish Fri Aug  4 08:41:51 2023
imb F  4% step 25600, will finish Fri Aug  4 08:38:24 2023
imb F  5% step 25700, will finish Fri Aug  4 08:36:13 2023
imb F  6% step 25800, will finish Fri Aug  4 08:33:42 2023
imb F  4% step 25900, will finish Fri Aug  4 08:30:11 2023
imb F  5% 
step 26000 Will no longer try dynamic load balancing, as it degraded performance.

step 26000, will finish Fri Aug  4 08:29:44 2023
imb F  5% step 26100, will finish Fri Aug  4 08:27:49 2023
imb F  5% step 26200, will finish Fri Aug  4 08:25:19 2023
imb F  4% step 26300, will finish Fri Aug  4 08:24:44 2023
imb F  4% step 26400, will finish Fri Aug  4 08:21:49 2023
imb F  5% step 26500, will finish Fri Aug  4 08:18:22 2023
imb F  5% step 26600, will finish Fri Aug  4 08:15:18 2023
imb F  6% step 26700, will finish Fri Aug  4 08:12:43 2023
imb F  5% step 26800, will finish Fri Aug  4 08:10:30 2023
imb F  5% step 26900, will finish Fri Aug  4 08:07:31 2023
imb F  4% step 27000, will finish Fri Aug  4 08:05:08 2023
imb F  5% step 27100, will finish Fri Aug  4 08:02:00 2023
imb F  6% step 27200, will finish Fri Aug  4 08:00:59 2023
imb F  5% step 27300, will finish Fri Aug  4 07:58:20 2023
imb F  5% step 27400, will finish Fri Aug  4 07:55:54 2023
imb F  6% step 27500, will finish Fri Aug  4 07:52:58 2023
imb F  6% step 27600, will finish Fri Aug  4 07:49:52 2023
imb F  7% step 27700, will finish Fri Aug  4 07:47:33 2023
imb F  7% step 27800, will finish Fri Aug  4 07:45:58 2023
imb F  7% step 27900, will finish Fri Aug  4 07:44:09 2023
imb F 183% step 28000, will finish Fri Aug  4 08:41:07 2023
imb F  5% step 28100, will finish Fri Aug  4 08:57:25 2023
imb F  5% step 28200, will finish Fri Aug  4 09:35:42 2023
imb F  4% step 28300, will finish Fri Aug  4 09:34:27 2023
imb F  4% step 28400, will finish Fri Aug  4 09:30:41 2023
imb F  5% step 28500, will finish Fri Aug  4 09:27:43 2023
imb F  5% step 28600, will finish Fri Aug  4 09:25:40 2023
imb F  6% step 28700, will finish Fri Aug  4 09:25:11 2023
imb F  6% step 28800, will finish Fri Aug  4 09:25:23 2023
imb F  6% step 28900, will finish Fri Aug  4 09:22:37 2023
imb F  5% step 29000, will finish Fri Aug  4 09:19:42 2023
imb F  5% step 29100, will finish Fri Aug  4 09:18:00 2023
imb F  4% step 29200, will finish Fri Aug  4 09:15:36 2023
imb F  5% step 29300, will finish Fri Aug  4 09:15:58 2023
imb F  5% step 29400, will finish Fri Aug  4 09:12:37 2023
imb F  5% step 29500, will finish Fri Aug  4 09:09:21 2023
imb F  5% step 29600, will finish Fri Aug  4 09:05:49 2023
imb F  5% step 29700, will finish Fri Aug  4 09:02:21 2023
imb F  4% step 29800, will finish Fri Aug  4 08:58:59 2023
imb F  5% step 29900, will finish Fri Aug  4 08:55:34 2023
imb F  5% step 30000, will finish Fri Aug  4 08:54:25 2023
imb F  6% step 30100, will finish Fri Aug  4 08:50:45 2023
imb F  6% step 30200, will finish Fri Aug  4 08:46:59 2023
imb F  5% step 30300, will finish Fri Aug  4 08:46:02 2023
imb F  5% step 30400, will finish Fri Aug  4 08:42:47 2023
imb F  5% step 30500, will finish Fri Aug  4 08:39:28 2023
imb F  4% step 30600, will finish Fri Aug  4 08:35:54 2023
imb F  6% step 30700, will finish Fri Aug  4 08:32:16 2023
imb F  4% step 30800, will finish Fri Aug  4 08:29:18 2023
imb F  4% step 30900, will finish Fri Aug  4 08:28:32 2023
imb F  5% step 31000, will finish Fri Aug  4 08:27:56 2023
imb F  5% step 31100, will finish Fri Aug  4 08:24:56 2023
imb F  5% step 31200, will finish Fri Aug  4 08:21:46 2023
imb F  6% step 31300, will finish Fri Aug  4 08:19:40 2023
imb F  6% step 31400, will finish Fri Aug  4 08:17:43 2023
imb F  6% step 31500, will finish Fri Aug  4 08:15:21 2023
imb F  6% step 31600, will finish Fri Aug  4 08:13:01 2023
imb F  7% step 31700, will finish Fri Aug  4 08:11:24 2023
imb F  7% step 31800, will finish Fri Aug  4 08:11:04 2023
imb F  7% step 31900, will finish Fri Aug  4 08:09:06 2023
imb F  6% step 32000, will finish Fri Aug  4 08:18:05 2023
imb F  5% step 32100, will finish Fri Aug  4 08:14:41 2023
imb F  5% step 32200, will finish Fri Aug  4 08:11:34 2023
imb F  5% step 32300, will finish Fri Aug  4 08:08:14 2023
imb F  5% step 32400, will finish Fri Aug  4 08:09:50 2023
imb F  5% step 32500, will finish Fri Aug  4 08:06:40 2023
imb F  4% step 32600, will finish Fri Aug  4 08:04:47 2023
imb F  5% step 32700, will finish Fri Aug  4 08:01:41 2023
imb F  5% step 32800, will finish Fri Aug  4 07:58:29 2023
imb F  5% step 32900, will finish Fri Aug  4 07:55:18 2023
imb F  5% step 33000, will finish Fri Aug  4 07:52:34 2023
imb F  5% step 33100, will finish Fri Aug  4 07:49:44 2023
imb F  6% step 33200, will finish Fri Aug  4 07:47:04 2023
imb F  5% step 33300, will finish Fri Aug  4 07:44:13 2023
imb F  5% step 33400, will finish Fri Aug  4 07:41:28 2023
imb F  5% step 33500, will finish Fri Aug  4 07:39:11 2023
imb F  5% step 33600, will finish Fri Aug  4 07:36:55 2023
imb F  4% step 33700, will finish Fri Aug  4 07:34:34 2023
imb F  4% step 33800, will finish Fri Aug  4 07:31:47 2023
imb F  4% step 33900, will finish Fri Aug  4 07:48:36 2023
imb F  5% step 34000, will finish Fri Aug  4 07:44:50 2023
imb F  5% step 34100, will finish Fri Aug  4 07:44:06 2023
imb F  6% step 34200, will finish Fri Aug  4 07:41:19 2023
imb F  5% step 34300, will finish Fri Aug  4 07:38:56 2023
imb F  6% step 34400, will finish Fri Aug  4 07:38:26 2023
imb F  7% step 34500, will finish Fri Aug  4 07:36:37 2023
imb F  7% step 34600, will finish Fri Aug  4 07:34:52 2023
imb F  7% step 34700, will finish Fri Aug  4 07:33:04 2023
imb F  5% step 34800, will finish Fri Aug  4 07:30:14 2023
imb F  5% step 34900, will finish Fri Aug  4 07:28:10 2023
imb F  6% step 35000, will finish Fri Aug  4 07:26:02 2023
imb F  5% step 35100, will finish Fri Aug  4 07:24:05 2023
imb F  5% step 35200, will finish Fri Aug  4 07:23:32 2023
imb F  5% step 35300, will finish Fri Aug  4 07:25:08 2023
imb F  5% step 35400, will finish Fri Aug  4 07:23:14 2023
imb F  5% step 35500, will finish Fri Aug  4 07:21:37 2023
imb F  5% step 35600, will finish Fri Aug  4 07:19:38 2023
imb F  5% step 35700, will finish Fri Aug  4 07:17:28 2023
imb F  5% step 35800, will finish Fri Aug  4 07:15:45 2023
imb F  5% step 35900, will finish Fri Aug  4 07:13:37 2023
imb F  5% step 36000, will finish Fri Aug  4 07:11:11 2023
imb F  5% step 36100, will finish Fri Aug  4 07:09:16 2023
imb F  4% step 36200, will finish Fri Aug  4 07:08:54 2023
imb F  5% step 36300, will finish Fri Aug  4 07:06:16 2023
imb F  5% step 36400, will finish Fri Aug  4 07:03:15 2023
imb F  6% step 36500, will finish Fri Aug  4 07:03:09 2023
imb F  6% step 36600, will finish Fri Aug  4 07:01:41 2023
imb F  5% step 36700, will finish Fri Aug  4 06:59:39 2023
imb F  5% step 36800, will finish Fri Aug  4 06:56:51 2023
imb F  5% step 36900, will finish Fri Aug  4 06:54:36 2023
imb F  6% step 37000, will finish Fri Aug  4 06:52:52 2023
imb F  5% step 37100, will finish Fri Aug  4 06:50:33 2023
imb F  6% step 37200, will finish Fri Aug  4 07:46:40 2023
imb F  6% step 37300, will finish Fri Aug  4 07:43:59 2023
imb F  6% step 37400, will finish Fri Aug  4 07:41:41 2023
imb F  4% step 37500, will finish Fri Aug  4 07:39:23 2023
imb F  5% step 37600, will finish Fri Aug  4 07:36:39 2023
imb F  6% step 37700, will finish Fri Aug  4 07:34:49 2023
imb F  5% step 37800, will finish Fri Aug  4 07:33:02 2023
imb F  6% step 37900, will finish Fri Aug  4 07:31:10 2023
imb F  5% step 38000, will finish Fri Aug  4 07:31:14 2023
imb F  6% step 38100, will finish Fri Aug  4 07:28:54 2023
imb F  6% step 38200, will finish Fri Aug  4 07:29:31 2023
imb F  5% step 38300, will finish Fri Aug  4 07:28:19 2023
imb F  5% step 38400, will finish Fri Aug  4 07:32:58 2023
imb F  5% step 38500, will finish Fri Aug  4 07:32:06 2023
imb F  5% step 38600, will finish Fri Aug  4 07:29:54 2023
imb F  5% step 38700, will finish Fri Aug  4 07:27:44 2023
imb F  7% step 38800, will finish Fri Aug  4 07:26:04 2023
imb F  5% step 38900, will finish Fri Aug  4 07:24:07 2023
imb F  5% step 39000, will finish Fri Aug  4 07:22:01 2023
imb F  5% step 39100, will finish Fri Aug  4 07:20:12 2023
imb F  4% step 39200, will finish Fri Aug  4 07:18:13 2023
imb F  4% step 39300, will finish Fri Aug  4 07:15:24 2023
imb F  4% step 39400, will finish Fri Aug  4 07:13:05 2023
imb F  5% step 39500, will finish Fri Aug  4 07:10:33 2023
imb F  5% step 39600, will finish Fri Aug  4 07:10:09 2023
imb F  4% step 39700, will finish Fri Aug  4 07:07:51 2023
imb F  5% step 39800, will finish Fri Aug  4 07:05:39 2023
imb F  5% step 39900, will finish Fri Aug  4 07:03:46 2023
imb F  5% step 40000, will finish Fri Aug  4 07:10:39 2023
imb F  6% step 40100, will finish Fri Aug  4 07:08:22 2023
imb F  5% step 40200, will finish Fri Aug  4 07:52:56 2023
imb F  6% step 40300, will finish Fri Aug  4 07:50:20 2023
imb F  7% step 40400, will finish Fri Aug  4 07:48:53 2023
imb F  6% step 40500, will finish Fri Aug  4 07:49:39 2023
imb F  6% step 40600, will finish Fri Aug  4 07:47:56 2023
imb F  5% step 40700, will finish Fri Aug  4 07:46:09 2023
imb F  5% step 40800, will finish Fri Aug  4 07:43:45 2023
imb F  6% step 40900, will finish Fri Aug  4 07:41:49 2023
imb F  7% step 41000, will finish Fri Aug  4 07:39:50 2023
imb F  7% step 41100, will finish Fri Aug  4 07:38:17 2023
imb F  4% step 41200, will finish Fri Aug  4 07:35:38 2023
imb F  6% step 41300, will finish Fri Aug  4 07:33:13 2023
imb F  5% step 41400, will finish Fri Aug  4 07:31:23 2023
imb F  6% step 41500, will finish Fri Aug  4 07:29:17 2023
imb F  5% step 41600, will finish Fri Aug  4 07:27:12 2023
imb F  5% step 41700, will finish Fri Aug  4 07:24:56 2023
imb F  5% step 41800, will finish Fri Aug  4 07:22:46 2023
imb F  4% step 41900, will finish Fri Aug  4 07:20:37 2023
imb F  5% step 42000, will finish Fri Aug  4 07:18:22 2023
imb F  5% step 42100, will finish Fri Aug  4 07:16:08 2023
imb F  4% step 42200, will finish Fri Aug  4 07:15:39 2023
imb F  5% step 42300, will finish Fri Aug  4 07:13:35 2023
imb F  5% step 42400, will finish Fri Aug  4 07:11:22 2023
imb F  6% step 42500, will finish Fri Aug  4 07:11:44 2023
imb F  5% step 42600, will finish Fri Aug  4 07:09:44 2023
imb F  6% step 42700, will finish Fri Aug  4 07:07:38 2023
imb F  6% step 42800, will finish Fri Aug  4 07:06:10 2023
imb F  6% step 42900, will finish Fri Aug  4 07:04:34 2023
imb F  6% step 43000, will finish Fri Aug  4 07:03:24 2023
imb F  8% step 43100, will finish Fri Aug  4 07:01:49 2023
imb F  5% step 43200, will finish Fri Aug  4 07:01:08 2023
imb F  7% step 43300, will finish Fri Aug  4 06:59:28 2023
imb F  5% step 43400, will finish Fri Aug  4 06:57:48 2023
imb F  6% step 43500, will finish Fri Aug  4 06:56:08 2023
imb F  6% step 43600, will finish Fri Aug  4 06:55:33 2023
imb F  6% step 43700, will finish Fri Aug  4 06:54:14 2023
imb F  5% step 43800, will finish Fri Aug  4 06:52:37 2023
imb F  5% step 43900, will finish Fri Aug  4 06:50:54 2023
imb F  5% step 44000, will finish Fri Aug  4 06:49:28 2023
imb F  6% step 44100, will finish Fri Aug  4 06:47:36 2023
imb F  7% step 44200, will finish Fri Aug  4 06:46:08 2023
imb F  5% step 44300, will finish Fri Aug  4 06:46:41 2023
imb F  5% step 44400, will finish Fri Aug  4 06:44:43 2023
imb F  5% step 44500, will finish Fri Aug  4 06:42:29 2023
imb F  5% step 44600, will finish Fri Aug  4 06:42:23 2023
imb F  6% step 44700, will finish Fri Aug  4 06:40:39 2023
imb F  7% step 44800, will finish Fri Aug  4 06:39:27 2023
imb F  5% step 44900, will finish Fri Aug  4 06:37:44 2023
imb F  6% step 45000, will finish Fri Aug  4 06:36:03 2023
imb F  6% step 45100, will finish Fri Aug  4 06:34:29 2023
imb F  6% step 45200, will finish Fri Aug  4 06:33:10 2023
imb F  6% step 45300, will finish Fri Aug  4 06:32:06 2023
imb F  6% step 45400, will finish Fri Aug  4 06:31:27 2023
imb F  6% step 45500, will finish Fri Aug  4 06:30:20 2023
imb F  6% step 45600, will finish Fri Aug  4 06:28:59 2023
imb F  6% step 45700, will finish Fri Aug  4 06:27:41 2023
imb F  5% step 45800, will finish Fri Aug  4 06:25:30 2023
imb F  6% step 45900, will finish Fri Aug  4 06:23:29 2023
imb F  6% step 46000, will finish Fri Aug  4 06:21:36 2023
imb F  6% step 46100, will finish Fri Aug  4 06:35:04 2023
imb F  5% step 46200, will finish Fri Aug  4 06:33:19 2023
imb F  6% step 46300, will finish Fri Aug  4 06:33:08 2023
imb F  5% step 46400, will finish Fri Aug  4 06:31:03 2023
imb F  6% step 46500, will finish Fri Aug  4 06:30:05 2023
imb F  6% step 46600, will finish Fri Aug  4 06:32:23 2023
imb F  6% step 46700, will finish Fri Aug  4 06:31:25 2023
imb F  6% step 46800, will finish Fri Aug  4 06:30:11 2023
imb F  8% step 46900, will finish Fri Aug  4 06:29:21 2023
imb F  6% step 47000, will finish Fri Aug  4 06:28:04 2023
imb F  7% step 47100, will finish Fri Aug  4 06:27:05 2023
imb F  6% step 47200, will finish Fri Aug  4 06:25:46 2023
imb F  6% step 47300, will finish Fri Aug  4 06:24:43 2023
imb F  5% step 47400, will finish Fri Aug  4 06:23:22 2023
imb F  5% step 47500, will finish Fri Aug  4 06:21:49 2023
imb F  5% step 47600, will finish Fri Aug  4 06:20:01 2023
imb F  6% step 47700, will finish Fri Aug  4 06:18:19 2023
imb F  5% step 47800, will finish Fri Aug  4 06:16:37 2023
imb F  5% step 47900, will finish Fri Aug  4 06:14:48 2023
imb F  5% step 48000, will finish Fri Aug  4 06:19:16 2023
imb F  5% step 48100, will finish Fri Aug  4 06:17:35 2023
imb F  5% step 48200, will finish Fri Aug  4 06:15:41 2023
imb F  5% step 48300, will finish Fri Aug  4 06:15:02 2023
imb F  5% step 48400, will finish Fri Aug  4 06:15:29 2023
imb F  5% step 48500, will finish Fri Aug  4 06:14:42 2023
imb F  5% step 48600, will finish Fri Aug  4 06:12:42 2023
imb F  6% step 48700, will finish Fri Aug  4 06:12:23 2023
imb F  5% step 48800, will finish Fri Aug  4 06:10:15 2023
imb F  5% step 48900, will finish Fri Aug  4 06:08:12 2023
imb F  5% step 49000, will finish Fri Aug  4 06:06:17 2023
imb F  5% step 49100, will finish Fri Aug  4 06:05:17 2023
imb F  5% step 49200, will finish Fri Aug  4 06:03:52 2023
imb F  5% step 49300, will finish Fri Aug  4 06:02:58 2023
imb F  6% step 49400, will finish Fri Aug  4 06:30:41 2023
imb F  5% step 49500, will finish Fri Aug  4 06:30:44 2023
imb F  7% step 49600, will finish Fri Aug  4 06:30:37 2023
imb F  5% step 49700, will finish Fri Aug  4 06:30:20 2023
imb F  6% step 49800, will finish Fri Aug  4 06:28:46 2023
imb F  6% step 49900, will finish Fri Aug  4 06:27:38 2023
imb F  6% step 50000, will finish Fri Aug  4 06:26:43 2023
imb F  6% step 50100, will finish Fri Aug  4 06:26:08 2023
imb F  7% step 50200, will finish Fri Aug  4 06:26:12 2023
imb F  7% step 50300, will finish Fri Aug  4 06:24:56 2023
imb F  6% step 50400, will finish Fri Aug  4 06:25:47 2023
imb F  7% step 50500, will finish Fri Aug  4 06:24:56 2023
imb F  7% step 50600, will finish Fri Aug  4 06:23:46 2023
imb F  6% step 50700, will finish Fri Aug  4 06:24:26 2023
imb F  7% step 50800, will finish Fri Aug  4 06:23:06 2023
imb F  6% step 50900, will finish Fri Aug  4 06:22:12 2023
imb F  6% step 51000, will finish Fri Aug  4 06:20:58 2023
imb F  5% step 51100, will finish Fri Aug  4 06:19:43 2023
imb F  5% step 51200, will finish Fri Aug  4 06:18:07 2023
imb F  5% step 51300, will finish Fri Aug  4 06:16:27 2023
imb F  5% step 51400, will finish Fri Aug  4 06:15:03 2023
imb F  4% step 51500, will finish Fri Aug  4 06:13:12 2023
imb F  6% step 51600, will finish Fri Aug  4 06:11:40 2023
imb F  6% step 51700, will finish Fri Aug  4 06:10:22 2023
imb F  6% step 51800, will finish Fri Aug  4 06:09:34 2023
imb F  7% step 51900, will finish Fri Aug  4 06:08:37 2023
imb F  7% step 52000, will finish Fri Aug  4 06:07:43 2023
imb F  6% step 52100, will finish Fri Aug  4 06:06:35 2023
imb F  5% step 52200, will finish Fri Aug  4 06:05:21 2023
imb F  5% step 52300, will finish Fri Aug  4 06:03:50 2023
imb F  6% step 52400, will finish Fri Aug  4 06:26:39 2023
imb F  5% step 52500, will finish Fri Aug  4 06:33:18 2023
imb F  6% step 52600, will finish Fri Aug  4 06:32:13 2023
imb F  5% step 52700, will finish Fri Aug  4 06:32:09 2023
imb F  5% step 52800, will finish Fri Aug  4 06:30:17 2023
imb F  4% step 52900, will finish Fri Aug  4 06:28:27 2023
imb F  5% step 53000, will finish Fri Aug  4 06:26:28 2023
imb F  5% step 53100, will finish Fri Aug  4 06:24:48 2023
imb F  5% step 53200, will finish Fri Aug  4 06:22:57 2023
imb F  6% step 53300, will finish Fri Aug  4 06:21:13 2023
imb F  5% step 53400, will finish Fri Aug  4 06:20:07 2023
imb F  6% step 53500, will finish Fri Aug  4 06:19:08 2023
imb F  5% step 53600, will finish Fri Aug  4 06:17:34 2023
imb F  5% step 53700, will finish Fri Aug  4 06:16:00 2023
imb F  4% step 53800, will finish Fri Aug  4 06:14:30 2023
imb F  5% step 53900, will finish Fri Aug  4 06:12:58 2023
imb F  6% step 54000, will finish Fri Aug  4 06:11:47 2023
imb F  6% step 54100, will finish Fri Aug  4 06:10:41 2023
imb F  6% step 54200, will finish Fri Aug  4 06:09:48 2023
imb F  7% step 54300, will finish Fri Aug  4 06:09:06 2023
imb F  7% step 54400, will finish Fri Aug  4 06:08:03 2023
imb F  6% step 54500, will finish Fri Aug  4 06:08:13 2023
imb F  5% step 54600, will finish Fri Aug  4 06:06:29 2023
imb F  5% step 54700, will finish Fri Aug  4 06:04:45 2023
imb F  6% step 54800, will finish Fri Aug  4 06:04:36 2023
imb F  4% step 54900, will finish Fri Aug  4 06:03:21 2023
imb F  4% step 55000, will finish Fri Aug  4 06:01:20 2023
imb F  7% step 55100, will finish Fri Aug  4 06:00:06 2023
imb F  7% step 55200, will finish Fri Aug  4 05:58:59 2023
imb F  7% step 55300, will finish Fri Aug  4 05:57:55 2023
imb F  6% step 55400, will finish Fri Aug  4 05:57:02 2023
imb F  7% step 55500, will finish Fri Aug  4 05:56:25 2023
imb F  6% step 55600, will finish Fri Aug  4 05:55:10 2023
imb F  6% step 55700, will finish Fri Aug  4 05:54:12 2023
imb F  7% step 55800, will finish Fri Aug  4 05:53:21 2023
imb F  6% step 55900, will finish Fri Aug  4 05:52:24 2023
imb F  5% step 56000, will finish Fri Aug  4 05:56:59 2023
imb F  5% step 56100, will finish Fri Aug  4 05:55:30 2023
imb F  5% step 56200, will finish Fri Aug  4 05:54:20 2023
imb F  6% step 56300, will finish Fri Aug  4 05:53:06 2023
imb F  5% step 56400, will finish Fri Aug  4 05:51:27 2023
imb F  5% step 56500, will finish Fri Aug  4 05:51:45 2023
imb F  6% step 56600, will finish Fri Aug  4 05:50:43 2023
imb F  6% step 56700, will finish Fri Aug  4 05:49:41 2023
imb F  7% step 56800, will finish Fri Aug  4 05:51:19 2023
imb F  6% step 56900, will finish Fri Aug  4 05:50:16 2023
imb F  7% step 57000, will finish Fri Aug  4 05:49:21 2023
imb F  6% step 57100, will finish Fri Aug  4 05:49:05 2023
imb F  7% step 57200, will finish Fri Aug  4 05:51:27 2023
imb F  7% step 57300, will finish Fri Aug  4 05:50:58 2023
imb F  6% step 57400, will finish Fri Aug  4 05:49:58 2023
imb F  6% step 57500, will finish Fri Aug  4 05:48:48 2023
imb F  7% step 57600, will finish Fri Aug  4 05:47:50 2023
imb F  5% step 57700, will finish Fri Aug  4 05:46:51 2023
imb F  5% step 57800, will finish Fri Aug  4 05:45:45 2023
imb F  6% step 57900, will finish Fri Aug  4 05:44:27 2023
imb F  6% step 58000, will finish Fri Aug  4 05:43:20 2023
imb F  6% step 58100, will finish Fri Aug  4 05:41:50 2023
imb F  6% step 58200, will finish Fri Aug  4 05:40:58 2023
imb F  7% step 58300, will finish Fri Aug  4 05:51:17 2023
imb F  5% step 58400, will finish Fri Aug  4 05:49:34 2023
imb F  5% step 58500, will finish Fri Aug  4 05:49:22 2023
imb F  5% step 58600, will finish Fri Aug  4 05:47:37 2023
imb F  5% step 58700, will finish Fri Aug  4 05:45:57 2023
imb F  5% step 58800, will finish Fri Aug  4 05:44:25 2023
imb F  5% step 58900, will finish Fri Aug  4 05:44:10 2023
imb F  5% step 59000, will finish Fri Aug  4 05:42:33 2023
imb F  5% step 59100, will finish Fri Aug  4 05:41:05 2023
imb F  5% step 59200, will finish Fri Aug  4 05:39:30 2023
imb F  4% step 59300, will finish Fri Aug  4 05:38:08 2023
imb F  5% step 59400, will finish Fri Aug  4 05:36:32 2023
imb F  5% step 59500, will finish Fri Aug  4 05:35:01 2023
imb F  5% step 59600, will finish Fri Aug  4 05:33:42 2023
imb F  5% step 59700, will finish Fri Aug  4 05:32:12 2023
imb F  5% step 59800, will finish Fri Aug  4 05:30:52 2023
imb F  5% step 59900, will finish Fri Aug  4 05:29:26 2023
imb F  5% step 60000, will finish Fri Aug  4 05:29:11 2023
imb F  5% step 60100, will finish Fri Aug  4 05:27:39 2023
imb F  5% step 60200, will finish Fri Aug  4 05:26:05 2023
imb F  7% step 60300, will finish Fri Aug  4 05:25:49 2023
imb F  8% step 60400, will finish Fri Aug  4 05:26:00 2023
imb F  5% step 60500, will finish Fri Aug  4 05:25:38 2023
imb F  5% step 60600, will finish Fri Aug  4 05:25:47 2023
imb F  5% step 60700, will finish Fri Aug  4 05:24:18 2023
imb F  5% step 60800, will finish Fri Aug  4 05:22:56 2023
imb F  5% step 60900, will finish Fri Aug  4 05:22:51 2023
imb F  5% step 61000, will finish Fri Aug  4 05:21:17 2023
imb F  5% step 61100, will finish Fri Aug  4 05:19:56 2023
imb F  5% step 61200, will finish Fri Aug  4 05:18:45 2023
imb F  5% step 61300, will finish Fri Aug  4 05:17:35 2023
imb F  5% step 61400, will finish Fri Aug  4 05:16:23 2023
imb F  5% step 61500, will finish Fri Aug  4 05:15:07 2023
imb F  6% step 61600, will finish Fri Aug  4 05:29:38 2023
imb F  6% step 61700, will finish Fri Aug  4 05:42:38 2023
imb F  5% step 61800, will finish Fri Aug  4 05:49:35 2023
imb F  6% step 61900, will finish Fri Aug  4 05:58:12 2023
imb F  6% step 62000, will finish Fri Aug  4 05:56:40 2023
imb F  5% step 62100, will finish Fri Aug  4 05:55:14 2023
imb F  6% step 62200, will finish Fri Aug  4 05:54:20 2023
imb F  7% step 62300, will finish Fri Aug  4 05:53:27 2023
imb F  5% step 62400, will finish Fri Aug  4 05:53:14 2023
imb F  6% step 62500, will finish Fri Aug  4 05:51:55 2023
imb F  7% step 62600, will finish Fri Aug  4 05:52:01 2023
imb F  6% step 62700, will finish Fri Aug  4 05:51:24 2023
imb F  6% step 62800, will finish Fri Aug  4 05:50:22 2023
imb F  5% step 62900, will finish Fri Aug  4 05:50:23 2023
imb F  6% step 63000, will finish Fri Aug  4 05:49:13 2023
imb F  5% step 63100, will finish Fri Aug  4 05:48:07 2023
imb F  5% step 63200, will finish Fri Aug  4 05:47:08 2023
imb F  6% step 63300, will finish Fri Aug  4 05:46:06 2023
imb F  6% step 63400, will finish Fri Aug  4 05:45:25 2023
imb F  6% step 63500, will finish Fri Aug  4 05:44:46 2023
imb F  6% step 63600, will finish Fri Aug  4 05:44:09 2023
imb F  6% step 63700, will finish Fri Aug  4 05:43:17 2023
imb F  7% step 63800, will finish Fri Aug  4 05:42:22 2023
imb F  6% step 63900, will finish Fri Aug  4 05:41:45 2023
imb F  6% step 64000, will finish Fri Aug  4 05:46:26 2023
imb F  6% step 64100, will finish Fri Aug  4 05:45:20 2023
imb F  5% step 64200, will finish Fri Aug  4 05:44:10 2023
imb F  5% step 64300, will finish Fri Aug  4 05:42:44 2023
imb F  5% step 64400, will finish Fri Aug  4 05:41:10 2023
imb F  5% step 64500, will finish Fri Aug  4 05:39:44 2023
imb F  5% step 64600, will finish Fri Aug  4 05:50:00 2023
imb F  5% step 64700, will finish Fri Aug  4 05:56:21 2023
imb F  5% step 64800, will finish Fri Aug  4 06:18:33 2023
imb F  6% step 64900, will finish Fri Aug  4 06:18:35 2023
imb F  6% step 65000, will finish Fri Aug  4 06:17:22 2023
imb F  6% step 65100, will finish Fri Aug  4 06:15:58 2023
imb F  5% step 65200, will finish Fri Aug  4 06:14:46 2023
imb F  5% step 65300, will finish Fri Aug  4 06:13:29 2023
imb F  5% step 65400, will finish Fri Aug  4 06:12:28 2023
imb F  5% step 65500, will finish Fri Aug  4 06:11:47 2023
imb F  7% step 65600, will finish Fri Aug  4 06:10:57 2023
imb F  6% step 65700, will finish Fri Aug  4 06:09:50 2023
imb F  5% step 65800, will finish Fri Aug  4 06:08:34 2023
imb F  5% step 65900, will finish Fri Aug  4 06:07:09 2023
imb F  6% step 66000, will finish Fri Aug  4 06:06:12 2023
imb F  7% step 66100, will finish Fri Aug  4 06:05:37 2023
imb F  6% step 66200, will finish Fri Aug  4 06:04:45 2023
imb F  6% step 66300, will finish Fri Aug  4 06:04:05 2023
imb F  6% step 66400, will finish Fri Aug  4 06:03:14 2023
imb F  5% step 66500, will finish Fri Aug  4 06:02:25 2023
imb F  7% step 66600, will finish Fri Aug  4 06:02:48 2023
imb F  5% step 66700, will finish Fri Aug  4 06:02:36 2023
imb F  7% step 66800, will finish Fri Aug  4 07:29:13 2023
imb F  5% step 66900, will finish Fri Aug  4 07:28:07 2023
imb F  5% step 67000, will finish Fri Aug  4 07:26:50 2023
imb F 132% step 67100, will finish Fri Aug  4 08:24:46 2023
imb F  6% step 67200, will finish Fri Aug  4 10:15:05 2023
imb F  5% step 67300, will finish Fri Aug  4 10:13:41 2023
imb F  5% step 67400, will finish Fri Aug  4 10:12:17 2023
imb F  6% step 67500, will finish Fri Aug  4 10:11:32 2023
imb F  6% step 67600, will finish Fri Aug  4 10:10:23 2023
imb F  6% step 67700, will finish Fri Aug  4 10:09:36 2023
imb F  5% step 67800, will finish Fri Aug  4 10:09:05 2023
imb F  5% step 67900, will finish Fri Aug  4 10:07:57 2023
imb F  5% step 68000, will finish Fri Aug  4 10:06:46 2023
imb F  5% step 68100, will finish Fri Aug  4 10:05:35 2023
imb F  6% step 68200, will finish Fri Aug  4 10:05:50 2023
imb F  5% step 68300, will finish Fri Aug  4 10:05:00 2023
imb F  5% step 68400, will finish Fri Aug  4 10:04:22 2023
imb F  6% step 68500, will finish Fri Aug  4 10:04:28 2023
imb F  5% step 68600, will finish Fri Aug  4 10:03:15 2023
imb F  5% step 68700, will finish Fri Aug  4 10:02:23 2023
imb F  5% step 68800, will finish Fri Aug  4 10:01:20 2023
imb F  6% step 68900, will finish Fri Aug  4 10:00:24 2023
imb F  7% step 69000, will finish Fri Aug  4 09:59:44 2023
imb F  7% step 69100, will finish Fri Aug  4 09:59:14 2023
imb F  7% step 69200, will finish Fri Aug  4 09:58:45 2023
imb F  5% step 69300, will finish Fri Aug  4 09:57:54 2023
imb F  5% step 69400, will finish Fri Aug  4 09:56:48 2023
imb F  5% step 69500, will finish Fri Aug  4 09:55:48 2023
imb F  5% step 69600, will finish Fri Aug  4 09:55:04 2023
imb F  7% step 69700, will finish Fri Aug  4 09:54:23 2023
imb F  6% step 69800, will finish Fri Aug  4 09:53:43 2023
imb F  5% step 69900, will finish Fri Aug  4 10:02:41 2023
imb F  6% step 70000, will finish Fri Aug  4 10:01:53 2023
imb F  5% step 70100, will finish Fri Aug  4 10:01:00 2023
imb F  5% step 70200, will finish Fri Aug  4 10:01:21 2023
imb F  5% step 70300, will finish Fri Aug  4 10:00:47 2023
imb F  6% step 70400, will finish Fri Aug  4 10:00:17 2023
imb F  5% step 70500, will finish Fri Aug  4 10:01:58 2023
imb F  6% step 70600, will finish Fri Aug  4 10:01:22 2023
imb F  5% step 70700, will finish Fri Aug  4 10:00:44 2023
imb F  5% step 70800, will finish Fri Aug  4 09:59:43 2023
imb F  6% step 70900, will finish Fri Aug  4 09:58:43 2023
imb F  7% step 71000, will finish Fri Aug  4 09:58:06 2023
imb F  5% step 71100, will finish Fri Aug  4 09:57:39 2023
imb F  6% step 71200, will finish Fri Aug  4 09:56:43 2023
imb F  5% step 71300, will finish Fri Aug  4 09:55:57 2023
imb F  5% step 71400, will finish Fri Aug  4 09:55:01 2023
imb F  6% step 71500, will finish Fri Aug  4 09:54:45 2023
imb F  6% step 71600, will finish Fri Aug  4 09:54:04 2023
imb F  6% step 71700, will finish Fri Aug  4 09:53:26 2023
imb F  6% step 71800, will finish Fri Aug  4 09:53:42 2023
imb F  5% step 71900, will finish Fri Aug  4 09:53:06 2023
imb F  6% step 72000, will finish Fri Aug  4 09:57:09 2023
imb F  5% step 72100, will finish Fri Aug  4 09:56:32 2023
imb F  6% step 72200, will finish Fri Aug  4 09:57:03 2023
imb F  6% step 72300, will finish Fri Aug  4 09:56:10 2023
imb F  7% step 72400, will finish Fri Aug  4 09:55:39 2023
imb F  5% step 72500, will finish Fri Aug  4 09:55:59 2023
imb F  5% step 72600, will finish Fri Aug  4 09:55:09 2023
imb F  5% step 72700, will finish Fri Aug  4 09:54:16 2023
imb F  5% step 72800, will finish Fri Aug  4 09:53:20 2023
imb F  5% step 72900, will finish Fri Aug  4 09:52:26 2023
imb F  5% step 73000, will finish Fri Aug  4 09:52:24 2023
imb F  6% step 73100, will finish Fri Aug  4 09:52:11 2023
imb F  6% step 73200, will finish Fri Aug  4 10:10:46 2023
imb F  6% step 73300, will finish Fri Aug  4 10:09:48 2023
imb F  7% step 73400, will finish Fri Aug  4 10:08:56 2023
imb F  6% step 73500, will finish Fri Aug  4 10:08:11 2023
imb F  6% step 73600, will finish Fri Aug  4 10:07:35 2023
imb F  6% step 73700, will finish Fri Aug  4 10:07:07 2023
imb F  8% step 73800, will finish Fri Aug  4 10:06:33 2023
imb F  5% step 73900, will finish Fri Aug  4 10:06:17 2023
imb F  6% step 74000, will finish Fri Aug  4 10:06:38 2023
imb F  7% step 74100, will finish Fri Aug  4 10:06:37 2023
imb F  5% step 74200, will finish Fri Aug  4 10:06:46 2023
imb F  6% step 74300, will finish Fri Aug  4 10:05:54 2023
imb F  7% step 74400, will finish Fri Aug  4 10:05:16 2023
imb F  6% step 74500, will finish Fri Aug  4 10:05:58 2023
imb F  6% step 74600, will finish Fri Aug  4 10:05:09 2023
imb F  6% step 74700, will finish Fri Aug  4 10:04:17 2023
imb F  6% step 74800, will finish Fri Aug  4 10:03:43 2023
imb F  7% step 74900, will finish Fri Aug  4 10:03:33 2023
imb F  5% step 75000, will finish Fri Aug  4 10:02:54 2023
imb F  5% step 75100, will finish Fri Aug  4 10:02:10 2023
imb F  5% step 75200, will finish Fri Aug  4 10:01:30 2023
imb F  6% step 75300, will finish Fri Aug  4 10:00:54 2023
imb F  6% step 75400, will finish Fri Aug  4 10:00:21 2023
imb F  5% step 75500, will finish Fri Aug  4 09:59:43 2023
imb F  5% step 75600, will finish Fri Aug  4 09:59:18 2023
imb F  6% step 75700, will finish Fri Aug  4 09:58:27 2023
imb F  6% step 75800, will finish Fri Aug  4 09:57:56 2023
imb F  5% step 75900, will finish Fri Aug  4 09:57:03 2023
imb F  5% step 76000, will finish Fri Aug  4 09:56:19 2023
imb F  5% step 76100, will finish Fri Aug  4 09:55:28 2023
imb F 39% step 76200, will finish Fri Aug  4 10:25:31 2023
imb F  6% step 76300, will finish Fri Aug  4 10:24:50 2023
imb F  5% step 76400, will finish Fri Aug  4 10:23:58 2023
imb F  5% step 76500, will finish Fri Aug  4 10:24:41 2023
imb F  5% step 76600, will finish Fri Aug  4 10:23:54 2023
imb F  5% step 76700, will finish Fri Aug  4 10:22:59 2023
imb F  6% step 76800, will finish Fri Aug  4 10:22:20 2023
imb F  6% step 76900, will finish Fri Aug  4 10:21:48 2023
imb F  5% step 77000, will finish Fri Aug  4 10:20:52 2023
imb F  6% step 77100, will finish Fri Aug  4 10:20:15 2023
imb F  6% step 77200, will finish Fri Aug  4 10:19:51 2023
slurmstepd: error: *** STEP 29829177.1 ON halc002 CANCELLED AT 2023-07-12T08:59:02 ***
slurmstepd: error: *** JOB 29829177 ON halc002 CANCELLED AT 2023-07-12T08:59:02 ***


Received the TERM signal, stopping within 10 steps



Received the TERM signal, stopping within 10 steps



Received the TERM signal, stopping within 10 steps



Received the TERM signal, stopping within 10 steps



Received the TERM signal, stopping within 10 steps



Received the TERM signal, stopping within 10 steps



Received the TERM signal, stopping within 10 steps



Received the TERM signal, stopping within 10 steps



Received the TERM signal, stopping within 10 steps



Received the TERM signal, stopping within 10 steps



Received the TERM signal, stopping within 10 steps



Received the TERM signal, stopping within 10 steps



Received the TERM signal, stopping within 10 steps



Received the TERM signal, stopping within 10 steps



Received the TERM signal, stopping within 10 steps



Received the TERM signal, stopping within 10 steps



Received the TERM signal, stopping within 10 steps



Received the TERM signal, stopping within 10 steps



Received the TERM signal, stopping within 10 steps



Received the TERM signal, stopping within 10 steps



Received the TERM signal, stopping within 10 steps



Received the TERM signal, stopping within 10 steps



Received the TERM signal, stopping within 10 steps



Received the TERM signal, stopping within 10 steps



Received the TERM signal, stopping within 10 steps



Received the TERM signal, stopping within 10 steps



Received the TERM signal, stopping within 10 steps



Received the TERM signal, stopping within 10 steps



Received the TERM signal, stopping within 10 steps



Received the TERM signal, stopping within 10 steps



Received the TERM signal, stopping within 10 steps



Received the TERM signal, stopping within 10 steps



Received the TERM signal, stopping within 10 steps



Received the TERM signal, stopping within 10 steps



Received the TERM signal, stopping within 10 steps



Received the TERM signal, stopping within 10 steps



Received the TERM signal, stopping within 10 steps



Received the TERM signal, stopping within 10 steps



Received the TERM signal, stopping within 10 steps



Received the TERM signal, stopping within 10 steps



Received the TERM signal, stopping within 10 steps



Received the TERM signal, stopping within 10 steps



Received the TERM signal, stopping within 10 steps



Received the TERM signal, stopping within 10 steps



Received the TERM signal, stopping within 10 steps



Received the TERM signal, stopping within 10 steps



Received the TERM signal, stopping within 10 steps



Received the TERM signal, stopping within 10 steps



Received the TERM signal, stopping within 10 steps



Received the TERM signal, stopping within 10 steps



Received the TERM signal, stopping within 10 steps



Received the TERM signal, stopping within 10 steps



Received the TERM signal, stopping within 10 steps



Received the TERM signal, stopping within 10 steps



Received the TERM signal, stopping within 10 steps



Received the TERM signal, stopping within 10 steps



Received the TERM signal, stopping within 10 steps



Received the TERM signal, stopping within 10 steps

srun: Job step aborted: Waiting up to 32 seconds for job step to finish.
